T57D4 000:004.144   SEGGER J-Link V9.14a Log File
T57D4 000:004.401   DLL Compiled: Jan 28 2026 17:11:52
T57D4 000:004.430   Logging started @ 2026-03-11 03:01
T57D4 000:004.458   Process: C:\Users\a5033228\.eclipse\com.renesas.platform_1435879475\DebugComp\RA\e2-server-gdb.exe
T57D4 000:004.495 - 4.489ms 
T57D4 000:004.540 JLINK_GetDLLVersion()
T57D4 000:004.569 - 0.030ms returns 91401
T57D4 000:015.467 JLINK_OpenEx(...)
T57D4 000:030.128   Firmware: J-Link OB-RA4M2 compiled Dec 10 2025 15:52:53
T57D4 000:031.521   Firmware: J-Link OB-RA4M2 compiled Dec 10 2025 15:52:53
T57D4 000:047.007   Hardware: V1.00
T57D4 000:047.114   S/N: 1084715269
T57D4 000:047.152   OEM: SEGGER
T57D4 000:047.195   Feature(s): None
T57D4 000:048.786   Bootloader: 2021 May 14
T57D4 000:049.646   USB speed mode: Full speed (12 MBit/s)
T57D4 000:050.517   TELNET listener socket opened on port 19021
T57D4 000:050.988   WEBSRV WEBSRV_Init(): Starting webserver thread(s)
T57D4 000:051.463   WEBSRV Webserver running on local port 19080
T57D4 000:051.903   Looking for J-Link GUI Server exe at: C:\Users\a5033228\.eclipse\com.renesas.platform_1435879475\DebugComp\RA\ARM\Segger_v9.14.1\JLinkGUIServer.exe
T57D4 000:052.443   Looking for J-Link GUI Server exe at: \JLinkGUIServer.exe
T57D4 000:362.300   Failed to connect to J-Link GUI Server.
T57D4 000:362.408 - 346.934ms returns "O.K."
T57D4 000:362.747 JLINK_TIF_Select(JLINKARM_TIF_SWD)
T57D4 000:363.970 - 1.223ms returns 0x00
T57D4 000:364.036 JLINK_ClrRESET()
T57D4 000:366.242 - 2.205ms 
T57D4 000:417.117 JLINK_SetSpeed(1500)
T57D4 000:417.895 - 0.793ms 
T57D4 000:418.066 JLINK_CORESIGHT_Configure(PerformTIFInit=0)
T57D4 000:418.963 - 0.905ms returns 0
T57D4 000:419.131 JLINK_CORESIGHT_ReadAPDPReg(DP reg 0x00)
T57D4 000:420.049   Value=0x6BA02477
T57D4 000:420.214 - 1.084ms returns 0
T57D4 000:420.304 JLINK_CORESIGHT_WriteAPDPReg(DP reg 0x00, 0x0000001F)
T57D4 000:420.905 - 0.601ms returns 0
T57D4 000:421.050 JLINK_CORESIGHT_ReadAPDPReg(DP reg 0x00)
T57D4 000:421.702   Value=0x6BA02477
T57D4 000:421.860 - 0.810ms returns 0
T57D4 000:421.941 JLINK_CORESIGHT_WriteAPDPReg(DP reg 0x02, 0x00000000)
T57D4 000:422.597 - 0.655ms returns 0
T57D4 000:422.741 JLINK_CORESIGHT_WriteAPDPReg(DP reg 0x01, 0x50000000)
T57D4 000:423.430 - 0.688ms returns 0
T57D4 000:423.597 JLINK_CORESIGHT_ReadAPDPReg(DP reg 0x01)
T57D4 000:424.277   Value=0xF0000040
T57D4 000:424.429 - 0.831ms returns 0
T57D4 000:424.508 JLINK_CORESIGHT_WriteAPDPReg(DP reg 0x00, 0x0000001F)
T57D4 000:425.063 - 0.554ms returns 0
T57D4 000:425.192 JLINK_CORESIGHT_ReadAPDPReg(DP reg 0x00)
T57D4 000:425.801   Value=0x6BA02477
T57D4 000:425.939 - 0.747ms returns 0
T57D4 000:426.014 JLINK_CORESIGHT_WriteAPDPReg(DP reg 0x01, 0x54000000)
T57D4 000:426.606 - 0.592ms returns 0
T57D4 000:426.762 JLINK_CORESIGHT_WriteAPDPReg(DP reg 0x01, 0x50000F00)
T57D4 000:427.423 - 0.660ms returns 0
T57D4 000:427.570 JLINK_CORESIGHT_WriteAPDPReg(DP reg 0x02, 0x01000000)
T57D4 000:428.298 - 0.727ms returns 0
T57D4 000:428.433 JLINK_CORESIGHT_WriteAPDPReg(AP reg 0x00, 0x80000002)
T57D4 000:428.983 - 0.549ms returns 0
T57D4 000:429.133 JLINK_CORESIGHT_WriteAPDPReg(AP reg 0x01, 0x80011100)
T57D4 000:429.568 - 0.435ms returns 0
T57D4 000:429.693 JLINK_CORESIGHT_WriteAPDPReg(AP reg 0x03, 0x000000A5)
T57D4 000:430.182 - 0.488ms returns 0
T57D4 000:430.299 JLINK_CORESIGHT_WriteAPDPReg(AP reg 0x00, 0x80000002)
T57D4 000:430.637 - 0.337ms returns 0
T57D4 000:430.736 JLINK_CORESIGHT_WriteAPDPReg(AP reg 0x01, 0x80011100)
T57D4 000:431.185 - 0.448ms returns 0
T57D4 000:431.285 JLINK_CORESIGHT_ReadAPDPReg(AP reg 0x03)
T57D4 000:431.716   Value=0x000000A5
T57D4 000:431.832 - 0.547ms returns 0
T57D4 000:431.894 JLINK_ClrTMS()
T57D4 000:432.161 - 0.266ms 
T57D4 000:438.373 JLINK_SetTCK()
T57D4 000:438.753 - 0.379ms returns 0
T57D4 000:444.911 JLINK_SetRESET()
T57D4 000:445.278 - 0.367ms 
T57D4 000:645.859 JLINK_CORESIGHT_WriteAPDPReg(AP reg 0x00, 0x80000002)
T57D4 000:646.377 - 0.517ms returns 0
T57D4 000:646.458 JLINK_CORESIGHT_WriteAPDPReg(AP reg 0x01, 0x80011100)
T57D4 000:646.962 - 0.503ms returns 0
T57D4 000:647.024 JLINK_CORESIGHT_ReadAPDPReg(AP reg 0x03)
T57D4 000:647.455   Value=0x00000000
T57D4 000:647.516 - 0.492ms returns 0
T57D4 000:647.544 JLINK_CORESIGHT_WriteAPDPReg(AP reg 0x00, 0x80000002)
T57D4 000:647.846 - 0.302ms returns 0
T57D4 000:647.901 JLINK_CORESIGHT_WriteAPDPReg(AP reg 0x01, 0x80011140)
T57D4 000:648.362 - 0.460ms returns 0
T57D4 000:648.478 JLINK_CORESIGHT_ReadAPDPReg(AP reg 0x03)
T57D4 000:649.038   Value=0x00000002
T57D4 000:649.094 - 0.617ms returns 0
T57D4 000:649.123 JLINK_CORESIGHT_WriteAPDPReg(AP reg 0x00, 0x80000002)
T57D4 000:649.521 - 0.398ms returns 0
T57D4 000:649.572 JLINK_CORESIGHT_WriteAPDPReg(AP reg 0x01, 0x80011120)
T57D4 000:649.945 - 0.373ms returns 0
T57D4 000:649.990 JLINK_CORESIGHT_WriteAPDPReg(AP reg 0x03, 0x00000055)
T57D4 000:650.302 - 0.311ms returns 0
T57D4 000:650.357 JLINK_CORESIGHT_WriteAPDPReg(AP reg 0x00, 0x80000002)
T57D4 000:650.684 - 0.326ms returns 0
T57D4 000:650.734 JLINK_CORESIGHT_WriteAPDPReg(AP reg 0x01, 0x80011140)
T57D4 000:651.228 - 0.494ms returns 0
T57D4 000:651.283 JLINK_CORESIGHT_ReadAPDPReg(AP reg 0x03)
T57D4 000:651.749   Value=0x00000002
T57D4 000:651.813 - 0.530ms returns 0
T57D4 000:651.840 JLINK_CORESIGHT_ReadAPDPReg(AP reg 0x03)
T57D4 000:652.245   Value=0x00000002
T57D4 000:652.308 - 0.468ms returns 0
T57D4 000:652.337 JLINK_CORESIGHT_ReadAPDPReg(AP reg 0x03)
T57D4 000:652.750   Value=0x00000002
T57D4 000:652.811 - 0.474ms returns 0
T57D4 000:652.838 JLINK_CORESIGHT_ReadAPDPReg(AP reg 0x03)
T57D4 000:653.240   Value=0x00000002
T57D4 000:653.301 - 0.463ms returns 0
T57D4 000:653.328 JLINK_CORESIGHT_ReadAPDPReg(AP reg 0x03)
T57D4 000:653.767   Value=0x00000002
T57D4 000:653.833 - 0.505ms returns 0
T57D4 000:653.860 JLINK_CORESIGHT_ReadAPDPReg(AP reg 0x03)
T57D4 000:654.356   Value=0x00000002
T57D4 000:654.416 - 0.556ms returns 0
T57D4 000:654.443 JLINK_CORESIGHT_ReadAPDPReg(AP reg 0x03)
T57D4 000:654.842   Value=0x00000002
T57D4 000:654.907 - 0.464ms returns 0
T57D4 000:654.934 JLINK_CORESIGHT_ReadAPDPReg(AP reg 0x03)
T57D4 000:655.325   Value=0x00000002
T57D4 000:655.384 - 0.449ms returns 0
T57D4 000:655.411 JLINK_CORESIGHT_ReadAPDPReg(AP reg 0x03)
T57D4 000:655.833   Value=0x00000002
T57D4 000:655.892 - 0.481ms returns 0
T57D4 000:655.920 JLINK_CORESIGHT_ReadAPDPReg(AP reg 0x03)
T57D4 000:656.372   Value=0x00000002
T57D4 000:656.431 - 0.510ms returns 0
T57D4 000:656.458 JLINK_CORESIGHT_ReadAPDPReg(AP reg 0x03)
T57D4 000:656.850   Value=0x00000002
T57D4 000:656.908 - 0.450ms returns 0
T57D4 000:656.935 JLINK_CORESIGHT_ReadAPDPReg(AP reg 0x03)
T57D4 000:657.244   Value=0x00000002
T57D4 000:657.301 - 0.366ms returns 0
T57D4 000:657.328 JLINK_CORESIGHT_ReadAPDPReg(AP reg 0x03)
T57D4 000:657.705   Value=0x00000002
T57D4 000:657.762 - 0.434ms returns 0
T57D4 000:657.789 JLINK_CORESIGHT_ReadAPDPReg(AP reg 0x03)
T57D4 000:658.146   Value=0x00000002
T57D4 000:658.204 - 0.414ms returns 0
T57D4 000:658.231 JLINK_CORESIGHT_ReadAPDPReg(AP reg 0x03)
T57D4 000:658.541   Value=0x00000002
T57D4 000:658.599 - 0.368ms returns 0
T57D4 000:658.625 JLINK_CORESIGHT_ReadAPDPReg(AP reg 0x03)
T57D4 000:658.948   Value=0x00000002
T57D4 000:659.006 - 0.380ms returns 0
T57D4 000:659.036 JLINK_CORESIGHT_ReadAPDPReg(AP reg 0x03)
T57D4 000:659.489   Value=0x00000002
T57D4 000:659.547 - 0.511ms returns 0
T57D4 000:659.574 JLINK_CORESIGHT_ReadAPDPReg(AP reg 0x03)
T57D4 000:660.047   Value=0x00000002
T57D4 000:660.118 - 0.544ms returns 0
T57D4 000:660.148 JLINK_CORESIGHT_ReadAPDPReg(AP reg 0x03)
T57D4 000:660.517   Value=0x00000002
T57D4 000:660.577 - 0.429ms returns 0
T57D4 000:660.606 JLINK_CORESIGHT_ReadAPDPReg(AP reg 0x03)
T57D4 000:660.962   Value=0x00000002
T57D4 000:661.011 - 0.404ms returns 0
T57D4 000:661.040 JLINK_CORESIGHT_ReadAPDPReg(AP reg 0x03)
T57D4 000:661.428   Value=0x00000002
T57D4 000:661.488 - 0.448ms returns 0
T57D4 000:661.518 JLINK_CORESIGHT_ReadAPDPReg(AP reg 0x03)
T57D4 000:661.850   Value=0x00000000
T57D4 000:661.918 - 0.400ms returns 0
T57D4 000:661.955 JLINK_CORESIGHT_WriteAPDPReg(AP reg 0x00, 0x80000002)
T57D4 000:662.309 - 0.354ms returns 0
T57D4 000:662.358 JLINK_CORESIGHT_WriteAPDPReg(AP reg 0x01, 0x80011130)
T57D4 000:662.647 - 0.288ms returns 0
T57D4 000:662.697 JLINK_CORESIGHT_ReadAPDPReg(AP reg 0x03)
T57D4 000:663.009   Value=0x000000C6
T57D4 000:663.068 - 0.371ms returns 0
T57D4 000:663.107 JLINK_CORESIGHT_WriteAPDPReg(AP reg 0x00, 0x80000002)
T57D4 000:663.435 - 0.328ms returns 0
T57D4 000:663.487 JLINK_CORESIGHT_WriteAPDPReg(AP reg 0x01, 0x80011140)
T57D4 000:663.773 - 0.285ms returns 0
T57D4 000:663.826 JLINK_CORESIGHT_ReadAPDPReg(AP reg 0x03)
T57D4 000:664.151   Value=0x00000002
T57D4 000:664.209 - 0.383ms returns 0
T57D4 000:664.237 JLINK_CORESIGHT_WriteAPDPReg(AP reg 0x00, 0x80000002)
T57D4 000:664.676 - 0.439ms returns 0
T57D4 000:664.725 JLINK_CORESIGHT_WriteAPDPReg(AP reg 0x01, 0x80011120)
T57D4 000:665.085 - 0.359ms returns 0
T57D4 000:665.143 JLINK_CORESIGHT_WriteAPDPReg(AP reg 0x03, 0x3A010001)
T57D4 000:665.604 - 0.461ms returns 0
T57D4 000:665.659 JLINK_CORESIGHT_WriteAPDPReg(AP reg 0x00, 0x80000002)
T57D4 000:666.100 - 0.441ms returns 0
T57D4 000:666.156 JLINK_CORESIGHT_WriteAPDPReg(AP reg 0x01, 0x80011140)
T57D4 000:666.513 - 0.357ms returns 0
T57D4 000:666.573 JLINK_CORESIGHT_ReadAPDPReg(AP reg 0x03)
T57D4 000:667.034   Value=0x00000002
T57D4 000:667.097 - 0.524ms returns 0
T57D4 000:667.131 JLINK_CORESIGHT_WriteAPDPReg(AP reg 0x00, 0x80000002)
T57D4 000:667.520 - 0.389ms returns 0
T57D4 000:667.576 JLINK_CORESIGHT_WriteAPDPReg(AP reg 0x01, 0x80011120)
T57D4 000:667.940 - 0.364ms returns 0
T57D4 000:668.000 JLINK_CORESIGHT_WriteAPDPReg(AP reg 0x03, 0x000003C5)
T57D4 000:668.359 - 0.359ms returns 0
T57D4 000:668.415 JLINK_CORESIGHT_WriteAPDPReg(AP reg 0x00, 0x80000002)
T57D4 000:668.789 - 0.373ms returns 0
T57D4 000:668.845 JLINK_CORESIGHT_WriteAPDPReg(AP reg 0x01, 0x80011140)
T57D4 000:669.183 - 0.338ms returns 0
T57D4 000:669.238 JLINK_CORESIGHT_ReadAPDPReg(AP reg 0x03)
T57D4 000:669.650   Value=0x00000002
T57D4 000:669.707 - 0.468ms returns 0
T57D4 000:669.739 JLINK_CORESIGHT_ReadAPDPReg(AP reg 0x03)
T57D4 000:670.265   Value=0x00000002
T57D4 000:670.328 - 0.588ms returns 0
T57D4 000:670.360 JLINK_CORESIGHT_ReadAPDPReg(AP reg 0x03)
T57D4 000:670.841   Value=0x00000002
T57D4 000:670.899 - 0.538ms returns 0
T57D4 000:670.935 JLINK_CORESIGHT_ReadAPDPReg(AP reg 0x03)
T57D4 000:671.407   Value=0x00000000
T57D4 000:671.468 - 0.533ms returns 0
T57D4 000:671.499 JLINK_CORESIGHT_WriteAPDPReg(AP reg 0x00, 0x80000002)
T57D4 000:671.841 - 0.341ms returns 0
T57D4 000:671.898 JLINK_CORESIGHT_WriteAPDPReg(AP reg 0x01, 0x80011130)
T57D4 000:672.195 - 0.297ms returns 0
T57D4 000:672.255 JLINK_CORESIGHT_ReadAPDPReg(AP reg 0x03)
T57D4 000:672.603   Value=0x3A2A0081
T57D4 000:672.660 - 0.404ms returns 0
T57D4 000:672.693 JLINK_CORESIGHT_WriteAPDPReg(AP reg 0x00, 0x80000002)
T57D4 000:673.010 - 0.316ms returns 0
T57D4 000:673.070 JLINK_CORESIGHT_WriteAPDPReg(AP reg 0x01, 0x80011140)
T57D4 000:673.390 - 0.320ms returns 0
T57D4 000:673.451 JLINK_CORESIGHT_ReadAPDPReg(AP reg 0x03)
T57D4 000:673.906   Value=0x00000000
T57D4 000:673.966 - 0.515ms returns 0
T57D4 000:674.001 JLINK_CORESIGHT_WriteAPDPReg(AP reg 0x00, 0x80000002)
T57D4 000:674.289 - 0.287ms returns 0
T57D4 000:674.350 JLINK_CORESIGHT_WriteAPDPReg(AP reg 0x01, 0x80011130)
T57D4 000:674.650 - 0.300ms returns 0
T57D4 000:674.682 JLINK_CORESIGHT_ReadAPDPReg(AP reg 0x03)
T57D4 000:674.977   Value=0x808D5B00
T57D4 000:675.029 - 0.346ms returns 0
T57D4 000:675.059 JLINK_CORESIGHT_WriteAPDPReg(AP reg 0x00, 0x80000002)
T57D4 000:675.311 - 0.252ms returns 0
T57D4 000:675.348 JLINK_CORESIGHT_WriteAPDPReg(AP reg 0x01, 0x80011140)
T57D4 000:675.614 - 0.266ms returns 0
T57D4 000:675.647 JLINK_CORESIGHT_ReadAPDPReg(AP reg 0x03)
T57D4 000:675.972   Value=0x00000000
T57D4 000:676.029 - 0.382ms returns 0
T57D4 000:676.062 JLINK_CORESIGHT_WriteAPDPReg(AP reg 0x00, 0x80000002)
T57D4 000:676.323 - 0.260ms returns 0
T57D4 000:676.358 JLINK_CORESIGHT_WriteAPDPReg(AP reg 0x01, 0x80011130)
T57D4 000:676.605 - 0.245ms returns 0
T57D4 000:676.729 JLINK_CORESIGHT_ReadAPDPReg(AP reg 0x03)
T57D4 000:677.214   Value=0x0406070A
T57D4 000:677.299 - 0.571ms returns 0
T57D4 000:677.331 JLINK_CORESIGHT_WriteAPDPReg(AP reg 0x00, 0x80000002)
T57D4 000:677.764 - 0.432ms returns 0
T57D4 000:677.822 JLINK_CORESIGHT_WriteAPDPReg(AP reg 0x01, 0x80011140)
T57D4 000:678.183 - 0.360ms returns 0
T57D4 000:678.247 JLINK_CORESIGHT_ReadAPDPReg(AP reg 0x03)
T57D4 000:678.716   Value=0x00000000
T57D4 000:678.775 - 0.528ms returns 0
T57D4 000:678.819 JLINK_CORESIGHT_WriteAPDPReg(AP reg 0x00, 0x80000002)
T57D4 000:679.154 - 0.334ms returns 0
T57D4 000:679.208 JLINK_CORESIGHT_WriteAPDPReg(AP reg 0x01, 0x80011130)
T57D4 000:679.498 - 0.289ms returns 0
T57D4 000:679.551 JLINK_CORESIGHT_ReadAPDPReg(AP reg 0x03)
T57D4 000:680.011   Value=0x3254540B
T57D4 000:680.069 - 0.518ms returns 0
T57D4 000:680.104 JLINK_CORESIGHT_WriteAPDPReg(AP reg 0x00, 0x80000002)
T57D4 000:680.396 - 0.292ms returns 0
T57D4 000:680.451 JLINK_CORESIGHT_WriteAPDPReg(AP reg 0x01, 0x80011140)
T57D4 000:680.734 - 0.283ms returns 0
T57D4 000:680.793 JLINK_CORESIGHT_ReadAPDPReg(AP reg 0x03)
T57D4 000:681.240   Value=0x00000000
T57D4 000:681.300 - 0.507ms returns 0
T57D4 000:681.336 JLINK_CORESIGHT_WriteAPDPReg(AP reg 0x00, 0x80000002)
T57D4 000:681.661 - 0.325ms returns 0
T57D4 000:681.715 JLINK_CORESIGHT_WriteAPDPReg(AP reg 0x01, 0x80011130)
T57D4 000:681.996 - 0.281ms returns 0
T57D4 000:682.074 JLINK_CORESIGHT_ReadAPDPReg(AP reg 0x03)
T57D4 000:682.407   Value=0x54141559
T57D4 000:682.466 - 0.391ms returns 0
T57D4 000:682.501 JLINK_CORESIGHT_WriteAPDPReg(AP reg 0x00, 0x80000002)
T57D4 000:682.794 - 0.292ms returns 0
T57D4 000:682.869 JLINK_CORESIGHT_WriteAPDPReg(AP reg 0x01, 0x80011140)
T57D4 000:683.172 - 0.303ms returns 0
T57D4 000:683.238 JLINK_CORESIGHT_ReadAPDPReg(AP reg 0x03)
T57D4 000:683.627   Value=0x00000000
T57D4 000:683.682 - 0.444ms returns 0
T57D4 000:683.714 JLINK_CORESIGHT_WriteAPDPReg(AP reg 0x00, 0x80000002)
T57D4 000:683.999 - 0.285ms returns 0
T57D4 000:684.037 JLINK_CORESIGHT_WriteAPDPReg(AP reg 0x01, 0x80011130)
T57D4 000:684.309 - 0.271ms returns 0
T57D4 000:684.363 JLINK_CORESIGHT_ReadAPDPReg(AP reg 0x03)
T57D4 000:684.743   Value=0x34325736
T57D4 000:684.816 - 0.453ms returns 0
T57D4 000:684.849 JLINK_CORESIGHT_WriteAPDPReg(AP reg 0x00, 0x80000002)
T57D4 000:685.122 - 0.272ms returns 0
T57D4 000:685.187 JLINK_CORESIGHT_WriteAPDPReg(AP reg 0x01, 0x80011140)
T57D4 000:685.553 - 0.366ms returns 0
T57D4 000:685.610 JLINK_CORESIGHT_ReadAPDPReg(AP reg 0x03)
T57D4 000:686.091   Value=0x00000000
T57D4 000:686.151 - 0.541ms returns 0
T57D4 000:686.183 JLINK_CORESIGHT_WriteAPDPReg(AP reg 0x00, 0x80000002)
T57D4 000:686.644 - 0.460ms returns 0
T57D4 000:686.701 JLINK_CORESIGHT_WriteAPDPReg(AP reg 0x01, 0x80011130)
T57D4 000:687.062 - 0.361ms returns 0
T57D4 000:687.120 JLINK_CORESIGHT_ReadAPDPReg(AP reg 0x03)
T57D4 000:687.478   Value=0x5D0A2D30
T57D4 000:687.536 - 0.416ms returns 0
T57D4 000:687.570 JLINK_CORESIGHT_WriteAPDPReg(AP reg 0x00, 0x80000002)
T57D4 000:687.913 - 0.343ms returns 0
T57D4 000:687.970 JLINK_CORESIGHT_WriteAPDPReg(AP reg 0x01, 0x80011140)
T57D4 000:688.286 - 0.315ms returns 0
T57D4 000:688.341 JLINK_CORESIGHT_ReadAPDPReg(AP reg 0x03)
T57D4 000:688.656   Value=0x00000000
T57D4 000:688.713 - 0.371ms returns 0
T57D4 000:688.744 JLINK_CORESIGHT_WriteAPDPReg(AP reg 0x00, 0x80000002)
T57D4 000:689.049 - 0.304ms returns 0
T57D4 000:689.105 JLINK_CORESIGHT_WriteAPDPReg(AP reg 0x01, 0x80011130)
T57D4 000:689.393 - 0.288ms returns 0
T57D4 000:689.446 JLINK_CORESIGHT_ReadAPDPReg(AP reg 0x03)
T57D4 000:689.823   Value=0x4B375275
T57D4 000:689.883 - 0.437ms returns 0
T57D4 000:689.914 JLINK_CORESIGHT_WriteAPDPReg(AP reg 0x00, 0x80000002)
T57D4 000:690.292 - 0.377ms returns 0
T57D4 000:690.349 JLINK_CORESIGHT_WriteAPDPReg(AP reg 0x01, 0x80011140)
T57D4 000:690.610 - 0.261ms returns 0
T57D4 000:690.720 JLINK_CORESIGHT_ReadAPDPReg(AP reg 0x03)
T57D4 000:691.172   Value=0x00000000
T57D4 000:691.239 - 0.518ms returns 0
T57D4 000:691.274 JLINK_CORESIGHT_WriteAPDPReg(AP reg 0x00, 0x80000002)
T57D4 000:691.584 - 0.310ms returns 0
T57D4 000:691.639 JLINK_CORESIGHT_WriteAPDPReg(AP reg 0x01, 0x80011130)
T57D4 000:691.896 - 0.256ms returns 0
T57D4 000:691.942 JLINK_CORESIGHT_ReadAPDPReg(AP reg 0x03)
T57D4 000:692.345   Value=0x31503841
T57D4 000:692.404 - 0.461ms returns 0
T57D4 000:692.439 JLINK_CORESIGHT_WriteAPDPReg(AP reg 0x00, 0x80000002)
T57D4 000:692.671 - 0.232ms returns 0
T57D4 000:692.705 JLINK_CORESIGHT_WriteAPDPReg(AP reg 0x01, 0x80011140)
T57D4 000:693.001 - 0.296ms returns 0
T57D4 000:693.059 JLINK_CORESIGHT_ReadAPDPReg(AP reg 0x03)
T57D4 000:693.417   Value=0x00000000
T57D4 000:693.474 - 0.415ms returns 0
T57D4 000:693.507 JLINK_CORESIGHT_WriteAPDPReg(AP reg 0x00, 0x80000002)
T57D4 000:693.778 - 0.270ms returns 0
T57D4 000:693.833 JLINK_CORESIGHT_WriteAPDPReg(AP reg 0x01, 0x80011130)
T57D4 000:694.157 - 0.324ms returns 0
T57D4 000:694.211 JLINK_CORESIGHT_ReadAPDPReg(AP reg 0x03)
T57D4 000:694.505   Value=0x434C464B
T57D4 000:694.560 - 0.348ms returns 0
T57D4 000:694.595 JLINK_CORESIGHT_WriteAPDPReg(AP reg 0x00, 0x80000002)
T57D4 000:694.901 - 0.306ms returns 0
T57D4 000:694.958 JLINK_CORESIGHT_WriteAPDPReg(AP reg 0x01, 0x80011140)
T57D4 000:695.283 - 0.325ms returns 0
T57D4 000:695.337 JLINK_CORESIGHT_ReadAPDPReg(AP reg 0x03)
T57D4 000:695.676   Value=0x00000000
T57D4 000:695.735 - 0.397ms returns 0
T57D4 000:695.769 JLINK_CORESIGHT_WriteAPDPReg(AP reg 0x00, 0x80000002)
T57D4 000:696.164 - 0.394ms returns 0
T57D4 000:696.220 JLINK_CORESIGHT_WriteAPDPReg(AP reg 0x01, 0x80011130)
T57D4 000:696.476 - 0.256ms returns 0
T57D4 000:696.517 JLINK_CORESIGHT_ReadAPDPReg(AP reg 0x03)
T57D4 000:696.814   Value=0x20204341
T57D4 000:696.854 - 0.337ms returns 0
T57D4 000:696.887 JLINK_CORESIGHT_WriteAPDPReg(AP reg 0x00, 0x80000002)
T57D4 000:697.138 - 0.251ms returns 0
T57D4 000:697.173 JLINK_CORESIGHT_WriteAPDPReg(AP reg 0x01, 0x80011140)
T57D4 000:697.384 - 0.211ms returns 0
T57D4 000:697.414 JLINK_CORESIGHT_ReadAPDPReg(AP reg 0x03)
T57D4 000:697.774   Value=0x00000000
T57D4 000:697.816 - 0.402ms returns 0
T57D4 000:697.848 JLINK_CORESIGHT_WriteAPDPReg(AP reg 0x00, 0x80000002)
T57D4 000:698.111 - 0.262ms returns 0
T57D4 000:698.140 JLINK_CORESIGHT_WriteAPDPReg(AP reg 0x01, 0x80011130)
T57D4 000:698.385 - 0.244ms returns 0
T57D4 000:698.415 JLINK_CORESIGHT_ReadAPDPReg(AP reg 0x03)
T57D4 000:698.827   Value=0x00036020
T57D4 000:698.899 - 0.483ms returns 0
T57D4 000:700.114 JLINK_CORESIGHT_WriteAPDPReg(AP reg 0x00, 0x80000002)
T57D4 000:700.500 - 0.387ms returns 0
T57D4 000:700.535 JLINK_CORESIGHT_WriteAPDPReg(AP reg 0x01, 0x80011140)
T57D4 000:700.901 - 0.366ms returns 0
T57D4 000:700.939 JLINK_CORESIGHT_ReadAPDPReg(AP reg 0x03)
T57D4 000:701.380   Value=0x00000002
T57D4 000:701.423 - 0.483ms returns 0
T57D4 000:701.448 JLINK_CORESIGHT_WriteAPDPReg(AP reg 0x00, 0x80000002)
T57D4 000:701.797 - 0.348ms returns 0
T57D4 000:701.826 JLINK_CORESIGHT_WriteAPDPReg(AP reg 0x01, 0x80011120)
T57D4 000:702.219 - 0.392ms returns 0
T57D4 000:702.248 JLINK_CORESIGHT_WriteAPDPReg(AP reg 0x03, 0x39020001)
T57D4 000:702.599 - 0.351ms returns 0
T57D4 000:702.627 JLINK_CORESIGHT_WriteAPDPReg(AP reg 0x00, 0x80000002)
T57D4 000:703.019 - 0.391ms returns 0
T57D4 000:703.047 JLINK_CORESIGHT_WriteAPDPReg(AP reg 0x01, 0x80011140)
T57D4 000:703.303 - 0.255ms returns 0
T57D4 000:703.333 JLINK_CORESIGHT_ReadAPDPReg(AP reg 0x03)
T57D4 000:703.718   Value=0x00000002
T57D4 000:703.760 - 0.427ms returns 0
T57D4 000:703.803 JLINK_CORESIGHT_WriteAPDPReg(AP reg 0x00, 0x80000002)
T57D4 000:704.233 - 0.430ms returns 0
T57D4 000:704.283 JLINK_CORESIGHT_WriteAPDPReg(AP reg 0x01, 0x80011120)
T57D4 000:704.507 - 0.226ms returns 0
T57D4 000:704.534 JLINK_CORESIGHT_WriteAPDPReg(AP reg 0x03, 0x0003B312)
T57D4 000:704.865 - 0.330ms returns 0
T57D4 000:704.894 JLINK_CORESIGHT_WriteAPDPReg(AP reg 0x00, 0x80000002)
T57D4 000:705.168 - 0.273ms returns 0
T57D4 000:705.198 JLINK_CORESIGHT_WriteAPDPReg(AP reg 0x01, 0x80011140)
T57D4 000:705.437 - 0.239ms returns 0
T57D4 000:705.473 JLINK_CORESIGHT_ReadAPDPReg(AP reg 0x03)
T57D4 000:705.820   Value=0x00000000
T57D4 000:705.871 - 0.397ms returns 0
T57D4 000:705.897 JLINK_CORESIGHT_WriteAPDPReg(AP reg 0x00, 0x80000002)
T57D4 000:706.247 - 0.349ms returns 0
T57D4 000:706.275 JLINK_CORESIGHT_WriteAPDPReg(AP reg 0x01, 0x80011130)
T57D4 000:706.518 - 0.243ms returns 0
T57D4 000:706.548 JLINK_CORESIGHT_ReadAPDPReg(AP reg 0x03)
T57D4 000:706.854   Value=0xB90A0081
T57D4 000:706.893 - 0.345ms returns 0
T57D4 000:706.918 JLINK_CORESIGHT_WriteAPDPReg(AP reg 0x00, 0x80000002)
T57D4 000:707.161 - 0.242ms returns 0
T57D4 000:707.189 JLINK_CORESIGHT_WriteAPDPReg(AP reg 0x01, 0x80011140)
T57D4 000:707.436 - 0.246ms returns 0
T57D4 000:707.463 JLINK_CORESIGHT_ReadAPDPReg(AP reg 0x03)
T57D4 000:707.766   Value=0x00000000
T57D4 000:707.802 - 0.338ms returns 0
T57D4 000:707.827 JLINK_CORESIGHT_WriteAPDPReg(AP reg 0x00, 0x80000002)
T57D4 000:708.112 - 0.283ms returns 0
T57D4 000:708.142 JLINK_CORESIGHT_WriteAPDPReg(AP reg 0x01, 0x80011130)
T57D4 000:708.383 - 0.241ms returns 0
T57D4 000:708.410 JLINK_CORESIGHT_ReadAPDPReg(AP reg 0x03)
T57D4 000:708.714   Value=0xFFFFFFC0
T57D4 000:708.750 - 0.340ms returns 0
T57D4 000:708.779 JLINK_CORESIGHT_WriteAPDPReg(AP reg 0x00, 0x80000002)
T57D4 000:709.165 - 0.386ms returns 0
T57D4 000:709.191 JLINK_CORESIGHT_WriteAPDPReg(AP reg 0x01, 0x80011140)
T57D4 000:709.439 - 0.248ms returns 0
T57D4 000:709.467 JLINK_CORESIGHT_ReadAPDPReg(AP reg 0x03)
T57D4 000:709.762   Value=0x00000000
T57D4 000:709.798 - 0.331ms returns 0
T57D4 000:709.823 JLINK_CORESIGHT_WriteAPDPReg(AP reg 0x00, 0x80000002)
T57D4 000:710.116 - 0.292ms returns 0
T57D4 000:710.145 JLINK_CORESIGHT_WriteAPDPReg(AP reg 0x01, 0x80011130)
T57D4 000:710.383 - 0.238ms returns 0
T57D4 000:710.411 JLINK_CORESIGHT_ReadAPDPReg(AP reg 0x03)
T57D4 000:710.707   Value=0xFFFFFFFF
T57D4 000:710.743 - 0.332ms returns 0
T57D4 000:710.768 JLINK_CORESIGHT_WriteAPDPReg(AP reg 0x00, 0x80000002)
T57D4 000:711.141 - 0.372ms returns 0
T57D4 000:711.167 JLINK_CORESIGHT_WriteAPDPReg(AP reg 0x01, 0x80011140)
T57D4 000:711.409 - 0.241ms returns 0
T57D4 000:711.437 JLINK_CORESIGHT_ReadAPDPReg(AP reg 0x03)
T57D4 000:711.734   Value=0x00000000
T57D4 000:711.771 - 0.334ms returns 0
T57D4 000:711.796 JLINK_CORESIGHT_WriteAPDPReg(AP reg 0x00, 0x80000002)
T57D4 000:712.115 - 0.318ms returns 0
T57D4 000:712.142 JLINK_CORESIGHT_WriteAPDPReg(AP reg 0x01, 0x80011130)
T57D4 000:712.396 - 0.254ms returns 0
T57D4 000:712.423 JLINK_CORESIGHT_ReadAPDPReg(AP reg 0x03)
T57D4 000:712.720   Value=0x000385FF
T57D4 000:712.758 - 0.334ms returns 0
T57D4 000:712.878 JLINK_CORESIGHT_WriteAPDPReg(AP reg 0x00, 0x80000002)
T57D4 000:713.245 - 0.367ms returns 0
T57D4 000:713.274 JLINK_CORESIGHT_WriteAPDPReg(AP reg 0x01, 0x80011140)
T57D4 000:713.520 - 0.246ms returns 0
T57D4 000:713.553 JLINK_CORESIGHT_ReadAPDPReg(AP reg 0x03)
T57D4 000:713.846   Value=0x00000002
T57D4 000:713.884 - 0.331ms returns 0
T57D4 000:713.911 JLINK_CORESIGHT_WriteAPDPReg(AP reg 0x00, 0x80000002)
T57D4 000:714.142 - 0.231ms returns 0
T57D4 000:714.169 JLINK_CORESIGHT_WriteAPDPReg(AP reg 0x01, 0x80011120)
T57D4 000:714.395 - 0.226ms returns 0
T57D4 000:714.424 JLINK_CORESIGHT_WriteAPDPReg(AP reg 0x03, 0x2C010001)
T57D4 000:714.686 - 0.261ms returns 0
T57D4 000:714.718 JLINK_CORESIGHT_WriteAPDPReg(AP reg 0x00, 0x80000002)
T57D4 000:714.969 - 0.250ms returns 0
T57D4 000:714.996 JLINK_CORESIGHT_WriteAPDPReg(AP reg 0x01, 0x80011140)
T57D4 000:715.246 - 0.250ms returns 0
T57D4 000:715.277 JLINK_CORESIGHT_ReadAPDPReg(AP reg 0x03)
T57D4 000:715.567   Value=0x00000002
T57D4 000:715.624 - 0.347ms returns 0
T57D4 000:715.650 JLINK_CORESIGHT_WriteAPDPReg(AP reg 0x00, 0x80000002)
T57D4 000:715.907 - 0.256ms returns 0
T57D4 000:715.940 JLINK_CORESIGHT_WriteAPDPReg(AP reg 0x01, 0x80011120)
T57D4 000:716.187 - 0.246ms returns 0
T57D4 000:716.218 JLINK_CORESIGHT_WriteAPDPReg(AP reg 0x03, 0x000003D3)
T57D4 000:716.465 - 0.246ms returns 0
T57D4 000:716.520 JLINK_CORESIGHT_WriteAPDPReg(AP reg 0x00, 0x80000002)
T57D4 000:716.783 - 0.262ms returns 0
T57D4 000:716.820 JLINK_CORESIGHT_WriteAPDPReg(AP reg 0x01, 0x80011140)
T57D4 000:717.158 - 0.338ms returns 0
T57D4 000:717.199 JLINK_CORESIGHT_ReadAPDPReg(AP reg 0x03)
T57D4 000:717.598   Value=0x00000002
T57D4 000:717.645 - 0.445ms returns 0
T57D4 000:717.673 JLINK_CORESIGHT_ReadAPDPReg(AP reg 0x03)
T57D4 000:718.058   Value=0x00000002
T57D4 000:718.097 - 0.424ms returns 0
T57D4 000:718.125 JLINK_CORESIGHT_ReadAPDPReg(AP reg 0x03)
T57D4 000:718.538   Value=0x00000002
T57D4 000:718.581 - 0.455ms returns 0
T57D4 000:718.608 JLINK_CORESIGHT_ReadAPDPReg(AP reg 0x03)
T57D4 000:718.997   Value=0x00000002
T57D4 000:719.034 - 0.426ms returns 0
T57D4 000:719.061 JLINK_CORESIGHT_ReadAPDPReg(AP reg 0x03)
T57D4 000:719.437   Value=0x00000002
T57D4 000:719.503 - 0.441ms returns 0
T57D4 000:719.532 JLINK_CORESIGHT_ReadAPDPReg(AP reg 0x03)
T57D4 000:719.887   Value=0x00000002
T57D4 000:719.946 - 0.414ms returns 0
T57D4 000:719.973 JLINK_CORESIGHT_ReadAPDPReg(AP reg 0x03)
T57D4 000:720.359   Value=0x00000000
T57D4 000:720.400 - 0.427ms returns 0
T57D4 000:720.425 JLINK_CORESIGHT_WriteAPDPReg(AP reg 0x00, 0x80000002)
T57D4 000:720.761 - 0.336ms returns 0
T57D4 000:720.788 JLINK_CORESIGHT_WriteAPDPReg(AP reg 0x01, 0x80011130)
T57D4 000:721.026 - 0.237ms returns 0
T57D4 000:721.056 JLINK_CORESIGHT_ReadAPDPReg(AP reg 0x03)
T57D4 000:721.336   Value=0x2C020081
T57D4 000:721.375 - 0.319ms returns 0
T57D4 000:721.400 JLINK_CORESIGHT_WriteAPDPReg(AP reg 0x00, 0x80000002)
T57D4 000:721.653 - 0.253ms returns 0
T57D4 000:721.712 JLINK_CORESIGHT_WriteAPDPReg(AP reg 0x01, 0x80011140)
T57D4 000:721.959 - 0.246ms returns 0
T57D4 000:722.003 JLINK_CORESIGHT_ReadAPDPReg(AP reg 0x03)
T57D4 000:722.297   Value=0x00000000
T57D4 000:722.351 - 0.347ms returns 0
T57D4 000:722.378 JLINK_CORESIGHT_WriteAPDPReg(AP reg 0x00, 0x80000002)
T57D4 000:722.654 - 0.275ms returns 0
T57D4 000:722.683 JLINK_CORESIGHT_WriteAPDPReg(AP reg 0x01, 0x80011130)
T57D4 000:722.900 - 0.217ms returns 0
T57D4 000:722.928 JLINK_CORESIGHT_ReadAPDPReg(AP reg 0x03)
T57D4 000:723.205   Value=0x0003CE04
T57D4 000:723.245 - 0.317ms returns 0
T57D4 000:723.277 JLINK_CORESIGHT_WriteAPDPReg(AP reg 0x00, 0x80000002)
T57D4 000:723.612 - 0.335ms returns 0
T57D4 000:723.641 JLINK_CORESIGHT_WriteAPDPReg(AP reg 0x01, 0x80011140)
T57D4 000:723.885 - 0.243ms returns 0
T57D4 000:723.913 JLINK_CORESIGHT_ReadAPDPReg(AP reg 0x03)
T57D4 000:724.179   Value=0x00000002
T57D4 000:724.216 - 0.302ms returns 0
T57D4 000:724.241 JLINK_CORESIGHT_WriteAPDPReg(AP reg 0x00, 0x80000002)
T57D4 000:724.448 - 0.208ms returns 0
T57D4 000:724.482 JLINK_CORESIGHT_WriteAPDPReg(AP reg 0x01, 0x80011120)
T57D4 000:724.744 - 0.258ms returns 0
T57D4 000:724.783 JLINK_CORESIGHT_WriteAPDPReg(AP reg 0x03, 0x73010001)
T57D4 000:724.988 - 0.204ms returns 0
T57D4 000:725.015 JLINK_CORESIGHT_WriteAPDPReg(AP reg 0x00, 0x80000002)
T57D4 000:725.250 - 0.234ms returns 0
T57D4 000:725.277 JLINK_CORESIGHT_WriteAPDPReg(AP reg 0x01, 0x80011140)
T57D4 000:725.501 - 0.224ms returns 0
T57D4 000:725.535 JLINK_CORESIGHT_ReadAPDPReg(AP reg 0x03)
T57D4 000:725.828   Value=0x00000002
T57D4 000:725.868 - 0.334ms returns 0
T57D4 000:725.897 JLINK_CORESIGHT_WriteAPDPReg(AP reg 0x00, 0x80000002)
T57D4 000:726.268 - 0.371ms returns 0
T57D4 000:726.298 JLINK_CORESIGHT_WriteAPDPReg(AP reg 0x01, 0x80011120)
T57D4 000:726.535 - 0.236ms returns 0
T57D4 000:726.565 JLINK_CORESIGHT_WriteAPDPReg(AP reg 0x03, 0x0000038C)
T57D4 000:726.801 - 0.235ms returns 0
T57D4 000:726.831 JLINK_CORESIGHT_WriteAPDPReg(AP reg 0x00, 0x80000002)
T57D4 000:727.103 - 0.272ms returns 0
T57D4 000:727.133 JLINK_CORESIGHT_WriteAPDPReg(AP reg 0x01, 0x80011140)
T57D4 000:727.375 - 0.242ms returns 0
T57D4 000:727.406 JLINK_CORESIGHT_ReadAPDPReg(AP reg 0x03)
T57D4 000:727.701   Value=0x00000002
T57D4 000:727.741 - 0.334ms returns 0
T57D4 000:727.773 JLINK_CORESIGHT_ReadAPDPReg(AP reg 0x03)
T57D4 000:728.180   Value=0x00000002
T57D4 000:728.217 - 0.444ms returns 0
T57D4 000:728.245 JLINK_CORESIGHT_ReadAPDPReg(AP reg 0x03)
T57D4 000:728.525   Value=0x00000002
T57D4 000:728.565 - 0.320ms returns 0
T57D4 000:728.593 JLINK_CORESIGHT_ReadAPDPReg(AP reg 0x03)
T57D4 000:728.880   Value=0x00000002
T57D4 000:728.917 - 0.324ms returns 0
T57D4 000:728.944 JLINK_CORESIGHT_ReadAPDPReg(AP reg 0x03)
T57D4 000:729.233   Value=0x00000002
T57D4 000:729.276 - 0.332ms returns 0
T57D4 000:729.307 JLINK_CORESIGHT_ReadAPDPReg(AP reg 0x03)
T57D4 000:729.608   Value=0x00000002
T57D4 000:729.644 - 0.338ms returns 0
T57D4 000:729.672 JLINK_CORESIGHT_ReadAPDPReg(AP reg 0x03)
T57D4 000:729.957   Value=0x00000002
T57D4 000:729.994 - 0.322ms returns 0
T57D4 000:730.021 JLINK_CORESIGHT_ReadAPDPReg(AP reg 0x03)
T57D4 000:730.302   Value=0x00000002
T57D4 000:730.338 - 0.316ms returns 0
T57D4 000:730.371 JLINK_CORESIGHT_ReadAPDPReg(AP reg 0x03)
T57D4 000:730.628   Value=0x00000002
T57D4 000:730.667 - 0.295ms returns 0
T57D4 000:730.693 JLINK_CORESIGHT_ReadAPDPReg(AP reg 0x03)
T57D4 000:730.977   Value=0x00000002
T57D4 000:731.016 - 0.322ms returns 0
T57D4 000:731.043 JLINK_CORESIGHT_ReadAPDPReg(AP reg 0x03)
T57D4 000:731.330   Value=0x00000000
T57D4 000:731.370 - 0.327ms returns 0
T57D4 000:731.397 JLINK_CORESIGHT_WriteAPDPReg(AP reg 0x00, 0x80000002)
T57D4 000:731.734 - 0.337ms returns 0
T57D4 000:731.767 JLINK_CORESIGHT_WriteAPDPReg(AP reg 0x01, 0x80011130)
T57D4 000:732.010 - 0.242ms returns 0
T57D4 000:732.043 JLINK_CORESIGHT_ReadAPDPReg(AP reg 0x03)
T57D4 000:732.338   Value=0x73020081
T57D4 000:732.381 - 0.338ms returns 0
T57D4 000:732.410 JLINK_CORESIGHT_WriteAPDPReg(AP reg 0x00, 0x80000002)
T57D4 000:732.756 - 0.345ms returns 0
T57D4 000:732.796 JLINK_CORESIGHT_WriteAPDPReg(AP reg 0x01, 0x80011140)
T57D4 000:733.111 - 0.314ms returns 0
T57D4 000:733.151 JLINK_CORESIGHT_ReadAPDPReg(AP reg 0x03)
T57D4 000:733.487   Value=0x00000000
T57D4 000:733.541 - 0.389ms returns 0
T57D4 000:733.570 JLINK_CORESIGHT_WriteAPDPReg(AP reg 0x00, 0x80000002)
T57D4 000:733.853 - 0.283ms returns 0
T57D4 000:733.889 JLINK_CORESIGHT_WriteAPDPReg(AP reg 0x01, 0x80011130)
T57D4 000:734.131 - 0.242ms returns 0
T57D4 000:734.166 JLINK_CORESIGHT_ReadAPDPReg(AP reg 0x03)
T57D4 000:734.458   Value=0x00038902
T57D4 000:734.527 - 0.361ms returns 0
T57D4 000:734.564 JLINK_CORESIGHT_WriteAPDPReg(AP reg 0x00, 0x80000002)
T57D4 000:734.822 - 0.258ms returns 0
T57D4 000:734.858 JLINK_CORESIGHT_WriteAPDPReg(AP reg 0x01, 0x80011140)
T57D4 000:735.105 - 0.247ms returns 0
T57D4 000:735.135 JLINK_CORESIGHT_ReadAPDPReg(AP reg 0x03)
T57D4 000:735.432   Value=0x00000002
T57D4 000:735.469 - 0.333ms returns 0
T57D4 000:735.496 JLINK_CORESIGHT_WriteAPDPReg(AP reg 0x00, 0x80000002)
T57D4 000:735.729 - 0.233ms returns 0
T57D4 000:735.759 JLINK_CORESIGHT_WriteAPDPReg(AP reg 0x01, 0x80011120)
T57D4 000:736.002 - 0.243ms returns 0
T57D4 000:736.033 JLINK_CORESIGHT_WriteAPDPReg(AP reg 0x03, 0x75010001)
T57D4 000:736.276 - 0.243ms returns 0
T57D4 000:736.309 JLINK_CORESIGHT_WriteAPDPReg(AP reg 0x00, 0x80000002)
T57D4 000:736.532 - 0.222ms returns 0
T57D4 000:736.586 JLINK_CORESIGHT_WriteAPDPReg(AP reg 0x01, 0x80011140)
T57D4 000:736.806 - 0.220ms returns 0
T57D4 000:736.852 JLINK_CORESIGHT_ReadAPDPReg(AP reg 0x03)
T57D4 000:737.190   Value=0x00000002
T57D4 000:737.233 - 0.380ms returns 0
T57D4 000:737.261 JLINK_CORESIGHT_WriteAPDPReg(AP reg 0x00, 0x80000002)
T57D4 000:737.501 - 0.240ms returns 0
T57D4 000:737.533 JLINK_CORESIGHT_WriteAPDPReg(AP reg 0x01, 0x80011120)
T57D4 000:737.778 - 0.245ms returns 0
T57D4 000:737.815 JLINK_CORESIGHT_WriteAPDPReg(AP reg 0x03, 0x0000038A)
T57D4 000:738.104 - 0.289ms returns 0
T57D4 000:738.134 JLINK_CORESIGHT_WriteAPDPReg(AP reg 0x00, 0x80000002)
T57D4 000:738.350 - 0.216ms returns 0
T57D4 000:738.382 JLINK_CORESIGHT_WriteAPDPReg(AP reg 0x01, 0x80011140)
T57D4 000:738.669 - 0.287ms returns 0
T57D4 000:738.707 JLINK_CORESIGHT_ReadAPDPReg(AP reg 0x03)
T57D4 000:738.997   Value=0x00000002
T57D4 000:739.038 - 0.331ms returns 0
T57D4 000:739.065 JLINK_CORESIGHT_ReadAPDPReg(AP reg 0x03)
T57D4 000:739.349   Value=0x00000000
T57D4 000:739.387 - 0.321ms returns 0
T57D4 000:739.415 JLINK_CORESIGHT_WriteAPDPReg(AP reg 0x00, 0x80000002)
T57D4 000:739.651 - 0.236ms returns 0
T57D4 000:739.683 JLINK_CORESIGHT_WriteAPDPReg(AP reg 0x01, 0x80011130)
T57D4 000:739.926 - 0.243ms returns 0
T57D4 000:739.957 JLINK_CORESIGHT_ReadAPDPReg(AP reg 0x03)
T57D4 000:740.286   Value=0x75020081
T57D4 000:740.323 - 0.366ms returns 0
T57D4 000:740.350 JLINK_CORESIGHT_WriteAPDPReg(AP reg 0x00, 0x80000002)
T57D4 000:740.597 - 0.246ms returns 0
T57D4 000:740.654 JLINK_CORESIGHT_WriteAPDPReg(AP reg 0x01, 0x80011140)
T57D4 000:740.910 - 0.255ms returns 0
T57D4 000:740.946 JLINK_CORESIGHT_ReadAPDPReg(AP reg 0x03)
T57D4 000:741.230   Value=0x00000000
T57D4 000:741.271 - 0.325ms returns 0
T57D4 000:741.298 JLINK_CORESIGHT_WriteAPDPReg(AP reg 0x00, 0x80000002)
T57D4 000:741.530 - 0.232ms returns 0
T57D4 000:741.565 JLINK_CORESIGHT_WriteAPDPReg(AP reg 0x01, 0x80011130)
T57D4 000:741.800 - 0.235ms returns 0
T57D4 000:741.834 JLINK_CORESIGHT_ReadAPDPReg(AP reg 0x03)
T57D4 000:742.130   Value=0x00038702
T57D4 000:742.165 - 0.331ms returns 0
T57D4 000:743.028 JLINK_CORESIGHT_WriteAPDPReg(AP reg 0x00, 0x80000002)
T57D4 000:743.286 - 0.259ms returns 0
T57D4 000:743.315 JLINK_CORESIGHT_WriteAPDPReg(AP reg 0x01, 0x80011140)
T57D4 000:743.528 - 0.213ms returns 0
T57D4 000:743.555 JLINK_CORESIGHT_ReadAPDPReg(AP reg 0x03)
T57D4 000:743.825   Value=0x00000002
T57D4 000:743.862 - 0.306ms returns 0
T57D4 000:743.890 JLINK_CORESIGHT_WriteAPDPReg(AP reg 0x00, 0x80000002)
T57D4 000:744.256 - 0.365ms returns 0
T57D4 000:744.283 JLINK_CORESIGHT_WriteAPDPReg(AP reg 0x01, 0x80011120)
T57D4 000:744.516 - 0.233ms returns 0
T57D4 000:744.544 JLINK_CORESIGHT_WriteAPDPReg(AP reg 0x03, 0x4F010001)
T57D4 000:744.804 - 0.260ms returns 0
T57D4 000:744.836 JLINK_CORESIGHT_WriteAPDPReg(AP reg 0x00, 0x80000002)
T57D4 000:745.106 - 0.269ms returns 0
T57D4 000:745.140 JLINK_CORESIGHT_WriteAPDPReg(AP reg 0x01, 0x80011140)
T57D4 000:745.353 - 0.213ms returns 0
T57D4 000:745.391 JLINK_CORESIGHT_ReadAPDPReg(AP reg 0x03)
T57D4 000:745.688   Value=0x00000002
T57D4 000:745.727 - 0.336ms returns 0
T57D4 000:745.752 JLINK_CORESIGHT_WriteAPDPReg(AP reg 0x00, 0x80000002)
T57D4 000:746.001 - 0.248ms returns 0
T57D4 000:746.029 JLINK_CORESIGHT_WriteAPDPReg(AP reg 0x01, 0x80011120)
T57D4 000:746.251 - 0.221ms returns 0
T57D4 000:746.282 JLINK_CORESIGHT_WriteAPDPReg(AP reg 0x03, 0x000003B0)
T57D4 000:746.500 - 0.218ms returns 0
T57D4 000:746.527 JLINK_CORESIGHT_WriteAPDPReg(AP reg 0x00, 0x80000002)
T57D4 000:746.750 - 0.222ms returns 0
T57D4 000:746.783 JLINK_CORESIGHT_WriteAPDPReg(AP reg 0x01, 0x80011140)
T57D4 000:747.026 - 0.243ms returns 0
T57D4 000:747.053 JLINK_CORESIGHT_ReadAPDPReg(AP reg 0x03)
T57D4 000:747.335   Value=0x00000002
T57D4 000:747.373 - 0.319ms returns 0
T57D4 000:747.397 JLINK_CORESIGHT_ReadAPDPReg(AP reg 0x03)
T57D4 000:747.682   Value=0x00000002
T57D4 000:747.720 - 0.322ms returns 0
T57D4 000:747.746 JLINK_CORESIGHT_ReadAPDPReg(AP reg 0x03)
T57D4 000:748.038   Value=0x00000002
T57D4 000:748.076 - 0.330ms returns 0
T57D4 000:748.100 JLINK_CORESIGHT_ReadAPDPReg(AP reg 0x03)
T57D4 000:748.400   Value=0x00000002
T57D4 000:748.439 - 0.338ms returns 0
T57D4 000:748.468 JLINK_CORESIGHT_ReadAPDPReg(AP reg 0x03)
T57D4 000:748.785   Value=0x00000002
T57D4 000:748.826 - 0.357ms returns 0
T57D4 000:748.851 JLINK_CORESIGHT_ReadAPDPReg(AP reg 0x03)
T57D4 000:749.145   Value=0x00000000
T57D4 000:749.190 - 0.339ms returns 0
T57D4 000:749.220 JLINK_CORESIGHT_WriteAPDPReg(AP reg 0x00, 0x80000002)
T57D4 000:749.477 - 0.257ms returns 0
T57D4 000:749.506 JLINK_CORESIGHT_WriteAPDPReg(AP reg 0x01, 0x80011130)
T57D4 000:749.726 - 0.220ms returns 0
T57D4 000:749.808 JLINK_CORESIGHT_ReadAPDPReg(AP reg 0x03)
T57D4 000:750.105   Value=0x4F0B0081
T57D4 000:750.150 - 0.342ms returns 0
T57D4 000:750.175 JLINK_CORESIGHT_WriteAPDPReg(AP reg 0x00, 0x80000002)
T57D4 000:750.416 - 0.240ms returns 0
T57D4 000:750.445 JLINK_CORESIGHT_WriteAPDPReg(AP reg 0x01, 0x80011140)
T57D4 000:750.656 - 0.211ms returns 0
T57D4 000:750.684 JLINK_CORESIGHT_ReadAPDPReg(AP reg 0x03)
T57D4 000:751.002   Value=0x00000000
T57D4 000:751.041 - 0.356ms returns 0
T57D4 000:751.066 JLINK_CORESIGHT_WriteAPDPReg(AP reg 0x00, 0x80000002)
T57D4 000:751.304 - 0.238ms returns 0
T57D4 000:751.336 JLINK_CORESIGHT_WriteAPDPReg(AP reg 0x01, 0x80011130)
T57D4 000:751.584 - 0.250ms returns 0
T57D4 000:751.624 JLINK_CORESIGHT_ReadAPDPReg(AP reg 0x03)
T57D4 000:752.106   Value=0x80020000
T57D4 000:752.147 - 0.522ms returns 0
T57D4 000:752.173 JLINK_CORESIGHT_WriteAPDPReg(AP reg 0x00, 0x80000002)
T57D4 000:752.418 - 0.245ms returns 0
T57D4 000:752.446 JLINK_CORESIGHT_WriteAPDPReg(AP reg 0x01, 0x80011140)
T57D4 000:752.679 - 0.233ms returns 0
T57D4 000:752.706 JLINK_CORESIGHT_ReadAPDPReg(AP reg 0x03)
T57D4 000:753.000   Value=0x00000000
T57D4 000:753.037 - 0.331ms returns 0
T57D4 000:753.061 JLINK_CORESIGHT_WriteAPDPReg(AP reg 0x00, 0x80000002)
T57D4 000:753.294 - 0.232ms returns 0
T57D4 000:753.321 JLINK_CORESIGHT_WriteAPDPReg(AP reg 0x01, 0x80011130)
T57D4 000:753.553 - 0.232ms returns 0
T57D4 000:753.580 JLINK_CORESIGHT_ReadAPDPReg(AP reg 0x03)
T57D4 000:753.851   Value=0x00000000
T57D4 000:753.887 - 0.307ms returns 0
T57D4 000:753.912 JLINK_CORESIGHT_WriteAPDPReg(AP reg 0x00, 0x80000002)
T57D4 000:754.155 - 0.243ms returns 0
T57D4 000:754.182 JLINK_CORESIGHT_WriteAPDPReg(AP reg 0x01, 0x80011140)
T57D4 000:754.425 - 0.243ms returns 0
T57D4 000:754.452 JLINK_CORESIGHT_ReadAPDPReg(AP reg 0x03)
T57D4 000:754.740   Value=0x00000000
T57D4 000:754.777 - 0.324ms returns 0
T57D4 000:754.805 JLINK_CORESIGHT_WriteAPDPReg(AP reg 0x00, 0x80000002)
T57D4 000:755.103 - 0.298ms returns 0
T57D4 000:755.131 JLINK_CORESIGHT_WriteAPDPReg(AP reg 0x01, 0x80011130)
T57D4 000:755.380 - 0.249ms returns 0
T57D4 000:755.408 JLINK_CORESIGHT_ReadAPDPReg(AP reg 0x03)
T57D4 000:755.700   Value=0x03240000
T57D4 000:755.737 - 0.329ms returns 0
T57D4 000:755.879 JLINK_CORESIGHT_WriteAPDPReg(AP reg 0x00, 0x80000002)
T57D4 000:756.268 - 0.388ms returns 0
T57D4 000:756.296 JLINK_CORESIGHT_WriteAPDPReg(AP reg 0x01, 0x80011140)
T57D4 000:756.530 - 0.234ms returns 0
T57D4 000:756.557 JLINK_CORESIGHT_ReadAPDPReg(AP reg 0x03)
T57D4 000:756.825   Value=0x00000002
T57D4 000:756.862 - 0.304ms returns 0
T57D4 000:756.888 JLINK_CORESIGHT_WriteAPDPReg(AP reg 0x00, 0x80000002)
T57D4 000:757.265 - 0.377ms returns 0
T57D4 000:757.292 JLINK_CORESIGHT_WriteAPDPReg(AP reg 0x01, 0x80011120)
T57D4 000:757.546 - 0.253ms returns 0
T57D4 000:757.578 JLINK_CORESIGHT_WriteAPDPReg(AP reg 0x03, 0x2C010001)
T57D4 000:757.788 - 0.210ms returns 0
T57D4 000:757.819 JLINK_CORESIGHT_WriteAPDPReg(AP reg 0x00, 0x80000002)
T57D4 000:758.113 - 0.294ms returns 0
T57D4 000:758.144 JLINK_CORESIGHT_WriteAPDPReg(AP reg 0x01, 0x80011140)
T57D4 000:758.395 - 0.251ms returns 0
T57D4 000:758.429 JLINK_CORESIGHT_ReadAPDPReg(AP reg 0x03)
T57D4 000:758.723   Value=0x00000002
T57D4 000:758.761 - 0.332ms returns 0
T57D4 000:758.786 JLINK_CORESIGHT_WriteAPDPReg(AP reg 0x00, 0x80000002)
T57D4 000:759.030 - 0.243ms returns 0
T57D4 000:759.061 JLINK_CORESIGHT_WriteAPDPReg(AP reg 0x01, 0x80011120)
T57D4 000:759.310 - 0.248ms returns 0
T57D4 000:759.337 JLINK_CORESIGHT_WriteAPDPReg(AP reg 0x03, 0x000003D3)
T57D4 000:759.575 - 0.235ms returns 0
T57D4 000:759.604 JLINK_CORESIGHT_WriteAPDPReg(AP reg 0x00, 0x80000002)
T57D4 000:759.849 - 0.245ms returns 0
T57D4 000:759.878 JLINK_CORESIGHT_WriteAPDPReg(AP reg 0x01, 0x80011140)
T57D4 000:760.105 - 0.226ms returns 0
T57D4 000:760.132 JLINK_CORESIGHT_ReadAPDPReg(AP reg 0x03)
T57D4 000:760.435   Value=0x00000002
T57D4 000:760.473 - 0.340ms returns 0
T57D4 000:760.500 JLINK_CORESIGHT_ReadAPDPReg(AP reg 0x03)
T57D4 000:760.860   Value=0x00000002
T57D4 000:760.900 - 0.400ms returns 0
T57D4 000:760.927 JLINK_CORESIGHT_ReadAPDPReg(AP reg 0x03)
T57D4 000:761.214   Value=0x00000002
T57D4 000:761.252 - 0.325ms returns 0
T57D4 000:761.276 JLINK_CORESIGHT_ReadAPDPReg(AP reg 0x03)
T57D4 000:761.671   Value=0x00000002
T57D4 000:761.711 - 0.434ms returns 0
T57D4 000:761.736 JLINK_CORESIGHT_ReadAPDPReg(AP reg 0x03)
T57D4 000:762.026   Value=0x00000002
T57D4 000:762.064 - 0.328ms returns 0
T57D4 000:762.089 JLINK_CORESIGHT_ReadAPDPReg(AP reg 0x03)
T57D4 000:762.383   Value=0x00000002
T57D4 000:762.420 - 0.330ms returns 0
T57D4 000:762.447 JLINK_CORESIGHT_ReadAPDPReg(AP reg 0x03)
T57D4 000:762.747   Value=0x00000002
T57D4 000:762.789 - 0.342ms returns 0
T57D4 000:762.814 JLINK_CORESIGHT_ReadAPDPReg(AP reg 0x03)
T57D4 000:763.114   Value=0x00000000
T57D4 000:763.155 - 0.341ms returns 0
T57D4 000:763.180 JLINK_CORESIGHT_WriteAPDPReg(AP reg 0x00, 0x80000002)
T57D4 000:763.433 - 0.253ms returns 0
T57D4 000:763.464 JLINK_CORESIGHT_WriteAPDPReg(AP reg 0x01, 0x80011130)
T57D4 000:763.701 - 0.238ms returns 0
T57D4 000:763.728 JLINK_CORESIGHT_ReadAPDPReg(AP reg 0x03)
T57D4 000:764.019   Value=0x2C020081
T57D4 000:764.062 - 0.334ms returns 0
T57D4 000:764.088 JLINK_CORESIGHT_WriteAPDPReg(AP reg 0x00, 0x80000002)
T57D4 000:764.342 - 0.253ms returns 0
T57D4 000:764.369 JLINK_CORESIGHT_WriteAPDPReg(AP reg 0x01, 0x80011140)
T57D4 000:764.611 - 0.241ms returns 0
T57D4 000:764.638 JLINK_CORESIGHT_ReadAPDPReg(AP reg 0x03)
T57D4 000:764.932   Value=0x00000000
T57D4 000:764.968 - 0.330ms returns 0
T57D4 000:764.995 JLINK_CORESIGHT_WriteAPDPReg(AP reg 0x00, 0x80000002)
T57D4 000:765.231 - 0.236ms returns 0
T57D4 000:765.259 JLINK_CORESIGHT_WriteAPDPReg(AP reg 0x01, 0x80011130)
T57D4 000:765.501 - 0.242ms returns 0
T57D4 000:765.529 JLINK_CORESIGHT_ReadAPDPReg(AP reg 0x03)
T57D4 000:765.825   Value=0x0003CE04
T57D4 000:765.865 - 0.336ms returns 0
T57D4 000:765.896 JLINK_CORESIGHT_WriteAPDPReg(AP reg 0x00, 0x80000002)
T57D4 000:766.254 - 0.354ms returns 0
T57D4 000:766.287 JLINK_CORESIGHT_WriteAPDPReg(AP reg 0x01, 0x80011140)
T57D4 000:766.525 - 0.238ms returns 0
T57D4 000:766.560 JLINK_CORESIGHT_ReadAPDPReg(AP reg 0x03)
T57D4 000:766.868   Value=0x00000002
T57D4 000:766.908 - 0.348ms returns 0
T57D4 000:766.933 JLINK_CORESIGHT_WriteAPDPReg(AP reg 0x00, 0x80000002)
T57D4 000:767.255 - 0.321ms returns 0
T57D4 000:767.330 JLINK_CORESIGHT_WriteAPDPReg(AP reg 0x01, 0x80011120)
T57D4 000:767.641 - 0.311ms returns 0
T57D4 000:767.697 JLINK_CORESIGHT_WriteAPDPReg(AP reg 0x03, 0x73010001)
T57D4 000:767.970 - 0.273ms returns 0
T57D4 000:768.012 JLINK_CORESIGHT_WriteAPDPReg(AP reg 0x00, 0x80000002)
T57D4 000:768.306 - 0.294ms returns 0
T57D4 000:768.345 JLINK_CORESIGHT_WriteAPDPReg(AP reg 0x01, 0x80011140)
T57D4 000:768.617 - 0.271ms returns 0
T57D4 000:768.690 JLINK_CORESIGHT_ReadAPDPReg(AP reg 0x03)
T57D4 000:769.117   Value=0x00000002
T57D4 000:769.179 - 0.489ms returns 0
T57D4 000:769.211 JLINK_CORESIGHT_WriteAPDPReg(AP reg 0x00, 0x80000002)
T57D4 000:769.470 - 0.258ms returns 0
T57D4 000:769.529 JLINK_CORESIGHT_WriteAPDPReg(AP reg 0x01, 0x80011120)
T57D4 000:769.763 - 0.234ms returns 0
T57D4 000:769.816 JLINK_CORESIGHT_WriteAPDPReg(AP reg 0x03, 0x0000038C)
T57D4 000:770.105 - 0.288ms returns 0
T57D4 000:770.140 JLINK_CORESIGHT_WriteAPDPReg(AP reg 0x00, 0x80000002)
T57D4 000:770.423 - 0.283ms returns 0
T57D4 000:770.479 JLINK_CORESIGHT_WriteAPDPReg(AP reg 0x01, 0x80011140)
T57D4 000:770.728 - 0.249ms returns 0
T57D4 000:770.776 JLINK_CORESIGHT_ReadAPDPReg(AP reg 0x03)
T57D4 000:771.122   Value=0x00000002
T57D4 000:771.180 - 0.404ms returns 0
T57D4 000:771.211 JLINK_CORESIGHT_ReadAPDPReg(AP reg 0x03)
T57D4 000:771.488   Value=0x00000002
T57D4 000:771.531 - 0.320ms returns 0
T57D4 000:771.560 JLINK_CORESIGHT_ReadAPDPReg(AP reg 0x03)
T57D4 000:771.870   Value=0x00000002
T57D4 000:771.912 - 0.352ms returns 0
T57D4 000:771.940 JLINK_CORESIGHT_ReadAPDPReg(AP reg 0x03)
T57D4 000:772.276   Value=0x00000002
T57D4 000:772.322 - 0.382ms returns 0
T57D4 000:772.351 JLINK_CORESIGHT_ReadAPDPReg(AP reg 0x03)
T57D4 000:772.682   Value=0x00000002
T57D4 000:772.726 - 0.374ms returns 0
T57D4 000:772.754 JLINK_CORESIGHT_ReadAPDPReg(AP reg 0x03)
T57D4 000:773.168   Value=0x00000002
T57D4 000:773.244 - 0.488ms returns 0
T57D4 000:773.284 JLINK_CORESIGHT_ReadAPDPReg(AP reg 0x03)
T57D4 000:773.588   Value=0x00000002
T57D4 000:773.652 - 0.367ms returns 0
T57D4 000:773.695 JLINK_CORESIGHT_ReadAPDPReg(AP reg 0x03)
T57D4 000:774.003   Value=0x00000002
T57D4 000:774.056 - 0.361ms returns 0
T57D4 000:774.086 JLINK_CORESIGHT_ReadAPDPReg(AP reg 0x03)
T57D4 000:774.495   Value=0x00000000
T57D4 000:774.573 - 0.487ms returns 0
T57D4 000:774.607 JLINK_CORESIGHT_WriteAPDPReg(AP reg 0x00, 0x80000002)
T57D4 000:775.029 - 0.422ms returns 0
T57D4 000:775.094 JLINK_CORESIGHT_WriteAPDPReg(AP reg 0x01, 0x80011130)
T57D4 000:775.349 - 0.255ms returns 0
T57D4 000:775.404 JLINK_CORESIGHT_ReadAPDPReg(AP reg 0x03)
T57D4 000:775.740   Value=0x73020081
T57D4 000:775.792 - 0.387ms returns 0
T57D4 000:775.823 JLINK_CORESIGHT_WriteAPDPReg(AP reg 0x00, 0x80000002)
T57D4 000:776.116 - 0.293ms returns 0
T57D4 000:776.150 JLINK_CORESIGHT_WriteAPDPReg(AP reg 0x01, 0x80011140)
T57D4 000:776.425 - 0.274ms returns 0
T57D4 000:776.472 JLINK_CORESIGHT_ReadAPDPReg(AP reg 0x03)
T57D4 000:776.817   Value=0x00000000
T57D4 000:776.881 - 0.408ms returns 0
T57D4 000:776.911 JLINK_CORESIGHT_WriteAPDPReg(AP reg 0x00, 0x80000002)
T57D4 000:777.241 - 0.329ms returns 0
T57D4 000:777.291 JLINK_CORESIGHT_WriteAPDPReg(AP reg 0x01, 0x80011130)
T57D4 000:777.552 - 0.261ms returns 0
T57D4 000:777.594 JLINK_CORESIGHT_ReadAPDPReg(AP reg 0x03)
T57D4 000:777.904   Value=0x00038902
T57D4 000:777.953 - 0.359ms returns 0
T57D4 000:777.983 JLINK_CORESIGHT_WriteAPDPReg(AP reg 0x00, 0x80000002)
T57D4 000:778.259 - 0.275ms returns 0
T57D4 000:778.323 JLINK_CORESIGHT_WriteAPDPReg(AP reg 0x01, 0x80011140)
T57D4 000:778.607 - 0.284ms returns 0
T57D4 000:778.665 JLINK_CORESIGHT_ReadAPDPReg(AP reg 0x03)
T57D4 000:779.008   Value=0x00000002
T57D4 000:779.052 - 0.388ms returns 0
T57D4 000:779.084 JLINK_CORESIGHT_WriteAPDPReg(AP reg 0x00, 0x80000002)
T57D4 000:779.391 - 0.307ms returns 0
T57D4 000:779.445 JLINK_CORESIGHT_WriteAPDPReg(AP reg 0x01, 0x80011120)
T57D4 000:779.688 - 0.243ms returns 0
T57D4 000:779.722 JLINK_CORESIGHT_WriteAPDPReg(AP reg 0x03, 0x75010001)
T57D4 000:779.968 - 0.246ms returns 0
T57D4 000:780.007 JLINK_CORESIGHT_WriteAPDPReg(AP reg 0x00, 0x80000002)
T57D4 000:780.307 - 0.299ms returns 0
T57D4 000:780.374 JLINK_CORESIGHT_WriteAPDPReg(AP reg 0x01, 0x80011140)
T57D4 000:780.660 - 0.285ms returns 0
T57D4 000:780.726 JLINK_CORESIGHT_ReadAPDPReg(AP reg 0x03)
T57D4 000:781.023   Value=0x00000002
T57D4 000:781.066 - 0.340ms returns 0
T57D4 000:781.096 JLINK_CORESIGHT_WriteAPDPReg(AP reg 0x00, 0x80000002)
T57D4 000:781.351 - 0.255ms returns 0
T57D4 000:781.386 JLINK_CORESIGHT_WriteAPDPReg(AP reg 0x01, 0x80011120)
T57D4 000:781.640 - 0.254ms returns 0
T57D4 000:781.674 JLINK_CORESIGHT_WriteAPDPReg(AP reg 0x03, 0x0000038A)
T57D4 000:781.910 - 0.235ms returns 0
T57D4 000:781.944 JLINK_CORESIGHT_WriteAPDPReg(AP reg 0x00, 0x80000002)
T57D4 000:782.196 - 0.252ms returns 0
T57D4 000:782.248 JLINK_CORESIGHT_WriteAPDPReg(AP reg 0x01, 0x80011140)
T57D4 000:782.504 - 0.255ms returns 0
T57D4 000:782.544 JLINK_CORESIGHT_ReadAPDPReg(AP reg 0x03)
T57D4 000:782.905   Value=0x00000002
T57D4 000:782.980 - 0.436ms returns 0
T57D4 000:783.016 JLINK_CORESIGHT_ReadAPDPReg(AP reg 0x03)
T57D4 000:783.365   Value=0x00000002
T57D4 000:783.424 - 0.408ms returns 0
T57D4 000:783.460 JLINK_CORESIGHT_ReadAPDPReg(AP reg 0x03)
T57D4 000:783.768   Value=0x00000000
T57D4 000:783.812 - 0.352ms returns 0
T57D4 000:783.845 JLINK_CORESIGHT_WriteAPDPReg(AP reg 0x00, 0x80000002)
T57D4 000:784.111 - 0.265ms returns 0
T57D4 000:784.170 JLINK_CORESIGHT_WriteAPDPReg(AP reg 0x01, 0x80011130)
T57D4 000:784.458 - 0.287ms returns 0
T57D4 000:784.582 JLINK_CORESIGHT_ReadAPDPReg(AP reg 0x03)
T57D4 000:784.920   Value=0x75020081
T57D4 000:784.981 - 0.398ms returns 0
T57D4 000:785.016 JLINK_CORESIGHT_WriteAPDPReg(AP reg 0x00, 0x80000002)
T57D4 000:785.293 - 0.277ms returns 0
T57D4 000:785.344 JLINK_CORESIGHT_WriteAPDPReg(AP reg 0x01, 0x80011140)
T57D4 000:785.647 - 0.302ms returns 0
T57D4 000:785.713 JLINK_CORESIGHT_ReadAPDPReg(AP reg 0x03)
T57D4 000:786.046   Value=0x00000000
T57D4 000:786.178 - 0.464ms returns 0
T57D4 000:786.247 JLINK_CORESIGHT_WriteAPDPReg(AP reg 0x00, 0x80000002)
T57D4 000:786.562 - 0.315ms returns 0
T57D4 000:786.617 JLINK_CORESIGHT_WriteAPDPReg(AP reg 0x01, 0x80011130)
T57D4 000:786.892 - 0.275ms returns 0
T57D4 000:786.951 JLINK_CORESIGHT_ReadAPDPReg(AP reg 0x03)
T57D4 000:787.270   Value=0x00038702
T57D4 000:787.328 - 0.376ms returns 0
T57D4 000:788.152 JLINK_CORESIGHT_WriteAPDPReg(AP reg 0x00, 0x80000002)
T57D4 000:788.448 - 0.295ms returns 0
T57D4 000:788.507 JLINK_CORESIGHT_WriteAPDPReg(AP reg 0x01, 0x80011140)
T57D4 000:788.764 - 0.257ms returns 0
T57D4 000:788.797 JLINK_CORESIGHT_ReadAPDPReg(AP reg 0x03)
T57D4 000:789.191   Value=0x00000002
T57D4 000:789.317 - 0.519ms returns 0
T57D4 000:789.379 JLINK_CORESIGHT_WriteAPDPReg(AP reg 0x00, 0x80000002)
T57D4 000:789.727 - 0.348ms returns 0
T57D4 000:789.823 JLINK_CORESIGHT_WriteAPDPReg(AP reg 0x01, 0x80011120)
T57D4 000:790.105 - 0.282ms returns 0
T57D4 000:790.148 JLINK_CORESIGHT_WriteAPDPReg(AP reg 0x03, 0x4E0B0001)
T57D4 000:790.482 - 0.334ms returns 0
T57D4 000:790.542 JLINK_CORESIGHT_WriteAPDPReg(AP reg 0x00, 0x80000002)
T57D4 000:790.821 - 0.278ms returns 0
T57D4 000:790.875 JLINK_CORESIGHT_WriteAPDPReg(AP reg 0x01, 0x80011140)
T57D4 000:791.146 - 0.270ms returns 0
T57D4 000:791.195 JLINK_CORESIGHT_ReadAPDPReg(AP reg 0x03)
T57D4 000:791.525   Value=0x00000002
T57D4 000:791.582 - 0.387ms returns 0
T57D4 000:791.609 JLINK_CORESIGHT_WriteAPDPReg(AP reg 0x00, 0x80000002)
T57D4 000:791.914 - 0.305ms returns 0
T57D4 000:791.964 JLINK_CORESIGHT_WriteAPDPReg(AP reg 0x01, 0x80011120)
T57D4 000:792.280 - 0.315ms returns 0
T57D4 000:792.331 JLINK_CORESIGHT_WriteAPDPReg(AP reg 0x03, 0xE0020000)
T57D4 000:792.611 - 0.280ms returns 0
T57D4 000:792.670 JLINK_CORESIGHT_WriteAPDPReg(AP reg 0x00, 0x80000002)
T57D4 000:792.956 - 0.285ms returns 0
T57D4 000:793.004 JLINK_CORESIGHT_WriteAPDPReg(AP reg 0x01, 0x80011140)
T57D4 000:793.311 - 0.307ms returns 0
T57D4 000:793.360 JLINK_CORESIGHT_ReadAPDPReg(AP reg 0x03)
T57D4 000:793.692   Value=0x00000002
T57D4 000:793.754 - 0.393ms returns 0
T57D4 000:793.783 JLINK_CORESIGHT_WriteAPDPReg(AP reg 0x00, 0x80000002)
T57D4 000:794.146 - 0.363ms returns 0
T57D4 000:794.195 JLINK_CORESIGHT_WriteAPDPReg(AP reg 0x01, 0x80011120)
T57D4 000:794.506 - 0.310ms returns 0
T57D4 000:794.554 JLINK_CORESIGHT_WriteAPDPReg(AP reg 0x03, 0x00000000)
T57D4 000:794.840 - 0.286ms returns 0
T57D4 000:794.897 JLINK_CORESIGHT_WriteAPDPReg(AP reg 0x00, 0x80000002)
T57D4 000:795.206 - 0.308ms returns 0
T57D4 000:795.254 JLINK_CORESIGHT_WriteAPDPReg(AP reg 0x01, 0x80011140)
T57D4 000:795.549 - 0.295ms returns 0
T57D4 000:795.603 JLINK_CORESIGHT_ReadAPDPReg(AP reg 0x03)
T57D4 000:795.943   Value=0x00000002
T57D4 000:796.000 - 0.397ms returns 0
T57D4 000:796.030 JLINK_CORESIGHT_WriteAPDPReg(AP reg 0x00, 0x80000002)
T57D4 000:796.425 - 0.395ms returns 0
T57D4 000:796.483 JLINK_CORESIGHT_WriteAPDPReg(AP reg 0x01, 0x80011120)
T57D4 000:796.776 - 0.292ms returns 0
T57D4 000:796.833 JLINK_CORESIGHT_WriteAPDPReg(AP reg 0x03, 0x03C50000)
T57D4 000:797.171 - 0.337ms returns 0
T57D4 000:797.220 JLINK_CORESIGHT_WriteAPDPReg(AP reg 0x00, 0x80000002)
T57D4 000:797.503 - 0.283ms returns 0
T57D4 000:797.561 JLINK_CORESIGHT_WriteAPDPReg(AP reg 0x01, 0x80011140)
T57D4 000:797.847 - 0.286ms returns 0
T57D4 000:797.897 JLINK_CORESIGHT_ReadAPDPReg(AP reg 0x03)
T57D4 000:798.250   Value=0x00000002
T57D4 000:798.311 - 0.414ms returns 0
T57D4 000:798.337 JLINK_CORESIGHT_ReadAPDPReg(AP reg 0x03)
T57D4 000:798.638   Value=0x00000002
T57D4 000:798.684 - 0.347ms returns 0
T57D4 000:798.710 JLINK_CORESIGHT_ReadAPDPReg(AP reg 0x03)
T57D4 000:799.036   Value=0x00000002
T57D4 000:799.078 - 0.368ms returns 0
T57D4 000:799.104 JLINK_CORESIGHT_ReadAPDPReg(AP reg 0x03)
T57D4 000:799.462   Value=0x00000002
T57D4 000:799.515 - 0.410ms returns 0
T57D4 000:799.543 JLINK_CORESIGHT_ReadAPDPReg(AP reg 0x03)
T57D4 000:799.899   Value=0x00000002
T57D4 000:799.964 - 0.421ms returns 0
T57D4 000:799.990 JLINK_CORESIGHT_ReadAPDPReg(AP reg 0x03)
T57D4 000:800.282   Value=0x00000002
T57D4 000:800.329 - 0.339ms returns 0
T57D4 000:800.356 JLINK_CORESIGHT_ReadAPDPReg(AP reg 0x03)
T57D4 000:800.638   Value=0x00000002
T57D4 000:800.684 - 0.328ms returns 0
T57D4 000:800.711 JLINK_CORESIGHT_ReadAPDPReg(AP reg 0x03)
T57D4 000:801.014   Value=0x00000002
T57D4 000:801.054 - 0.343ms returns 0
T57D4 000:801.078 JLINK_CORESIGHT_ReadAPDPReg(AP reg 0x03)
T57D4 000:801.362   Value=0x00000002
T57D4 000:801.400 - 0.321ms returns 0
T57D4 000:801.425 JLINK_CORESIGHT_ReadAPDPReg(AP reg 0x03)
T57D4 000:801.707   Value=0x00000002
T57D4 000:801.744 - 0.318ms returns 0
T57D4 000:801.768 JLINK_CORESIGHT_ReadAPDPReg(AP reg 0x03)
T57D4 000:802.154   Value=0x00000002
T57D4 000:802.192 - 0.423ms returns 0
T57D4 000:802.216 JLINK_CORESIGHT_ReadAPDPReg(AP reg 0x03)
T57D4 000:802.504   Value=0x00000002
T57D4 000:802.543 - 0.327ms returns 0
T57D4 000:802.568 JLINK_CORESIGHT_ReadAPDPReg(AP reg 0x03)
T57D4 000:802.850   Value=0x00000002
T57D4 000:802.887 - 0.319ms returns 0
T57D4 000:802.911 JLINK_CORESIGHT_ReadAPDPReg(AP reg 0x03)
T57D4 000:803.181   Value=0x00000002
T57D4 000:803.218 - 0.307ms returns 0
T57D4 000:803.243 JLINK_CORESIGHT_ReadAPDPReg(AP reg 0x03)
T57D4 000:803.527   Value=0x00000002
T57D4 000:803.563 - 0.320ms returns 0
T57D4 000:803.587 JLINK_CORESIGHT_ReadAPDPReg(AP reg 0x03)
T57D4 000:803.874   Value=0x00000002
T57D4 000:803.912 - 0.324ms returns 0
T57D4 000:803.936 JLINK_CORESIGHT_ReadAPDPReg(AP reg 0x03)
T57D4 000:804.307   Value=0x00000002
T57D4 000:804.345 - 0.408ms returns 0
T57D4 000:804.369 JLINK_CORESIGHT_ReadAPDPReg(AP reg 0x03)
T57D4 000:804.674   Value=0x00000002
T57D4 000:804.711 - 0.341ms returns 0
T57D4 000:804.735 JLINK_CORESIGHT_ReadAPDPReg(AP reg 0x03)
T57D4 000:805.019   Value=0x00000002
T57D4 000:805.056 - 0.320ms returns 0
T57D4 000:805.087 JLINK_CORESIGHT_ReadAPDPReg(AP reg 0x03)
T57D4 000:805.369   Value=0x00000002
T57D4 000:805.405 - 0.318ms returns 0
T57D4 000:805.429 JLINK_CORESIGHT_ReadAPDPReg(AP reg 0x03)
T57D4 000:805.686   Value=0x00000002
T57D4 000:805.724 - 0.295ms returns 0
T57D4 000:805.749 JLINK_CORESIGHT_ReadAPDPReg(AP reg 0x03)
T57D4 000:806.130   Value=0x00000002
T57D4 000:806.166 - 0.417ms returns 0
T57D4 000:806.191 JLINK_CORESIGHT_ReadAPDPReg(AP reg 0x03)
T57D4 000:806.492   Value=0x00000002
T57D4 000:806.529 - 0.338ms returns 0
T57D4 000:806.554 JLINK_CORESIGHT_ReadAPDPReg(AP reg 0x03)
T57D4 000:806.842   Value=0x00000002
T57D4 000:806.879 - 0.325ms returns 0
T57D4 000:806.904 JLINK_CORESIGHT_ReadAPDPReg(AP reg 0x03)
T57D4 000:807.180   Value=0x00000002
T57D4 000:807.217 - 0.313ms returns 0
T57D4 000:807.242 JLINK_CORESIGHT_ReadAPDPReg(AP reg 0x03)
T57D4 000:807.528   Value=0x00000000
T57D4 000:807.564 - 0.322ms returns 0
T57D4 000:807.590 JLINK_CORESIGHT_WriteAPDPReg(AP reg 0x00, 0x80000002)
T57D4 000:807.828 - 0.238ms returns 0
T57D4 000:807.858 JLINK_CORESIGHT_WriteAPDPReg(AP reg 0x01, 0x80011130)
T57D4 000:808.110 - 0.252ms returns 0
T57D4 000:808.138 JLINK_CORESIGHT_ReadAPDPReg(AP reg 0x03)
T57D4 000:808.401   Value=0x4E0A0081
T57D4 000:808.439 - 0.301ms returns 0
T57D4 000:808.468 JLINK_CORESIGHT_WriteAPDPReg(AP reg 0x00, 0x80000002)
T57D4 000:808.703 - 0.235ms returns 0
T57D4 000:808.734 JLINK_CORESIGHT_WriteAPDPReg(AP reg 0x01, 0x80011140)
T57D4 000:809.003 - 0.268ms returns 0
T57D4 000:809.060 JLINK_CORESIGHT_ReadAPDPReg(AP reg 0x03)
T57D4 000:809.351   Value=0x00000000
T57D4 000:809.394 - 0.333ms returns 0
T57D4 000:809.420 JLINK_CORESIGHT_WriteAPDPReg(AP reg 0x00, 0x80000002)
T57D4 000:809.666 - 0.247ms returns 0
T57D4 000:809.700 JLINK_CORESIGHT_WriteAPDPReg(AP reg 0x01, 0x80011130)
T57D4 000:809.985 - 0.284ms returns 0
T57D4 000:810.013 JLINK_CORESIGHT_ReadAPDPReg(AP reg 0x03)
T57D4 000:810.304   Value=0xFFFFFF00
T57D4 000:810.364 - 0.350ms returns 0
T57D4 000:810.393 JLINK_CORESIGHT_WriteAPDPReg(AP reg 0x00, 0x80000002)
T57D4 000:810.662 - 0.269ms returns 0
T57D4 000:810.696 JLINK_CORESIGHT_WriteAPDPReg(AP reg 0x01, 0x80011140)
T57D4 000:810.913 - 0.216ms returns 0
T57D4 000:810.945 JLINK_CORESIGHT_ReadAPDPReg(AP reg 0x03)
T57D4 000:811.287   Value=0x00000000
T57D4 000:811.339 - 0.393ms returns 0
T57D4 000:811.365 JLINK_CORESIGHT_WriteAPDPReg(AP reg 0x00, 0x80000002)
T57D4 000:811.734 - 0.369ms returns 0
T57D4 000:811.774 JLINK_CORESIGHT_WriteAPDPReg(AP reg 0x01, 0x80011130)
T57D4 000:812.011 - 0.236ms returns 0
T57D4 000:812.046 JLINK_CORESIGHT_ReadAPDPReg(AP reg 0x03)
T57D4 000:812.387   Value=0xFFFFFFFF
T57D4 000:812.432 - 0.385ms returns 0
T57D4 000:812.464 JLINK_CORESIGHT_WriteAPDPReg(AP reg 0x00, 0x80000002)
T57D4 000:812.711 - 0.247ms returns 0
T57D4 000:812.745 JLINK_CORESIGHT_WriteAPDPReg(AP reg 0x01, 0x80011140)
T57D4 000:812.960 - 0.214ms returns 0
T57D4 000:812.997 JLINK_CORESIGHT_ReadAPDPReg(AP reg 0x03)
T57D4 000:813.290   Value=0x00000000
T57D4 000:813.332 - 0.335ms returns 0
T57D4 000:813.361 JLINK_CORESIGHT_WriteAPDPReg(AP reg 0x00, 0x80000002)
T57D4 000:813.600 - 0.238ms returns 0
T57D4 000:813.635 JLINK_CORESIGHT_WriteAPDPReg(AP reg 0x01, 0x80011130)
T57D4 000:813.875 - 0.240ms returns 0
T57D4 000:813.909 JLINK_CORESIGHT_ReadAPDPReg(AP reg 0x03)
T57D4 000:814.214   Value=0x0003B0FF
T57D4 000:814.382 - 0.472ms returns 0
T57D4 000:815.249 JLINK_CORESIGHT_WriteAPDPReg(AP reg 0x00, 0x80000002)
T57D4 000:815.568 - 0.319ms returns 0
T57D4 000:815.614 JLINK_CORESIGHT_WriteAPDPReg(AP reg 0x01, 0x80011140)
T57D4 000:815.861 - 0.246ms returns 0
T57D4 000:815.894 JLINK_CORESIGHT_ReadAPDPReg(AP reg 0x03)
T57D4 000:816.290   Value=0x00000002
T57D4 000:816.335 - 0.441ms returns 0
T57D4 000:816.362 JLINK_CORESIGHT_WriteAPDPReg(AP reg 0x00, 0x80000002)
T57D4 000:816.633 - 0.271ms returns 0
T57D4 000:816.671 JLINK_CORESIGHT_WriteAPDPReg(AP reg 0x01, 0x80011120)
T57D4 000:816.970 - 0.298ms returns 0
T57D4 000:817.022 JLINK_CORESIGHT_WriteAPDPReg(AP reg 0x03, 0x4F010001)
T57D4 000:817.329 - 0.306ms returns 0
T57D4 000:817.367 JLINK_CORESIGHT_WriteAPDPReg(AP reg 0x00, 0x80000002)
T57D4 000:817.733 - 0.365ms returns 0
T57D4 000:817.761 JLINK_CORESIGHT_WriteAPDPReg(AP reg 0x01, 0x80011140)
T57D4 000:818.118 - 0.356ms returns 0
T57D4 000:818.158 JLINK_CORESIGHT_ReadAPDPReg(AP reg 0x03)
T57D4 000:818.503   Value=0x00000002
T57D4 000:818.541 - 0.382ms returns 0
T57D4 000:818.566 JLINK_CORESIGHT_WriteAPDPReg(AP reg 0x00, 0x80000002)
T57D4 000:818.817 - 0.251ms returns 0
T57D4 000:818.845 JLINK_CORESIGHT_WriteAPDPReg(AP reg 0x01, 0x80011120)
T57D4 000:819.103 - 0.257ms returns 0
T57D4 000:819.135 JLINK_CORESIGHT_WriteAPDPReg(AP reg 0x03, 0x000003B0)
T57D4 000:819.374 - 0.239ms returns 0
T57D4 000:819.403 JLINK_CORESIGHT_WriteAPDPReg(AP reg 0x00, 0x80000002)
T57D4 000:819.654 - 0.251ms returns 0
T57D4 000:819.682 JLINK_CORESIGHT_WriteAPDPReg(AP reg 0x01, 0x80011140)
T57D4 000:820.025 - 0.342ms returns 0
T57D4 000:820.138 JLINK_CORESIGHT_ReadAPDPReg(AP reg 0x03)
T57D4 000:820.592   Value=0x00000002
T57D4 000:820.652 - 0.514ms returns 0
T57D4 000:820.679 JLINK_CORESIGHT_ReadAPDPReg(AP reg 0x03)
T57D4 000:821.031   Value=0x00000002
T57D4 000:821.094 - 0.415ms returns 0
T57D4 000:821.122 JLINK_CORESIGHT_ReadAPDPReg(AP reg 0x03)
T57D4 000:821.447   Value=0x00000002
T57D4 000:821.505 - 0.382ms returns 0
T57D4 000:821.531 JLINK_CORESIGHT_ReadAPDPReg(AP reg 0x03)
T57D4 000:821.869   Value=0x00000002
T57D4 000:821.925 - 0.394ms returns 0
T57D4 000:821.952 JLINK_CORESIGHT_ReadAPDPReg(AP reg 0x03)
T57D4 000:822.274   Value=0x00000002
T57D4 000:822.331 - 0.379ms returns 0
T57D4 000:822.368 JLINK_CORESIGHT_ReadAPDPReg(AP reg 0x03)
T57D4 000:822.736   Value=0x00000002
T57D4 000:822.795 - 0.426ms returns 0
T57D4 000:822.822 JLINK_CORESIGHT_ReadAPDPReg(AP reg 0x03)
T57D4 000:823.218   Value=0x00000000
T57D4 000:823.274 - 0.451ms returns 0
T57D4 000:823.301 JLINK_CORESIGHT_WriteAPDPReg(AP reg 0x00, 0x80000002)
T57D4 000:823.629 - 0.328ms returns 0
T57D4 000:823.677 JLINK_CORESIGHT_WriteAPDPReg(AP reg 0x01, 0x80011130)
T57D4 000:823.961 - 0.283ms returns 0
T57D4 000:824.009 JLINK_CORESIGHT_ReadAPDPReg(AP reg 0x03)
T57D4 000:824.356   Value=0x4F0B0081
T57D4 000:824.412 - 0.403ms returns 0
T57D4 000:824.438 JLINK_CORESIGHT_WriteAPDPReg(AP reg 0x00, 0x80000002)
T57D4 000:824.717 - 0.279ms returns 0
T57D4 000:824.758 JLINK_CORESIGHT_WriteAPDPReg(AP reg 0x01, 0x80011140)
T57D4 000:825.103 - 0.345ms returns 0
T57D4 000:825.133 JLINK_CORESIGHT_ReadAPDPReg(AP reg 0x03)
T57D4 000:825.532   Value=0x00000000
T57D4 000:825.572 - 0.438ms returns 0
T57D4 000:825.597 JLINK_CORESIGHT_WriteAPDPReg(AP reg 0x00, 0x80000002)
T57D4 000:825.893 - 0.296ms returns 0
T57D4 000:825.924 JLINK_CORESIGHT_WriteAPDPReg(AP reg 0x01, 0x80011130)
T57D4 000:826.210 - 0.287ms returns 0
T57D4 000:826.242 JLINK_CORESIGHT_ReadAPDPReg(AP reg 0x03)
T57D4 000:826.711   Value=0xE0020000
T57D4 000:826.773 - 0.530ms returns 0
T57D4 000:826.801 JLINK_CORESIGHT_WriteAPDPReg(AP reg 0x00, 0x80000002)
T57D4 000:827.145 - 0.343ms returns 0
T57D4 000:827.194 JLINK_CORESIGHT_WriteAPDPReg(AP reg 0x01, 0x80011140)
T57D4 000:827.479 - 0.284ms returns 0
T57D4 000:827.532 JLINK_CORESIGHT_ReadAPDPReg(AP reg 0x03)
T57D4 000:827.866   Value=0x00000000
T57D4 000:827.922 - 0.389ms returns 0
T57D4 000:827.949 JLINK_CORESIGHT_WriteAPDPReg(AP reg 0x00, 0x80000002)
T57D4 000:828.281 - 0.331ms returns 0
T57D4 000:828.330 JLINK_CORESIGHT_WriteAPDPReg(AP reg 0x01, 0x80011130)
T57D4 000:828.624 - 0.293ms returns 0
T57D4 000:828.676 JLINK_CORESIGHT_ReadAPDPReg(AP reg 0x03)
T57D4 000:829.118   Value=0x00000000
T57D4 000:829.183 - 0.506ms returns 0
T57D4 000:829.212 JLINK_CORESIGHT_WriteAPDPReg(AP reg 0x00, 0x80000002)
T57D4 000:829.509 - 0.297ms returns 0
T57D4 000:829.546 JLINK_CORESIGHT_WriteAPDPReg(AP reg 0x01, 0x80011140)
T57D4 000:829.820 - 0.274ms returns 0
T57D4 000:829.858 JLINK_CORESIGHT_ReadAPDPReg(AP reg 0x03)
T57D4 000:830.192   Value=0x00000000
T57D4 000:830.255 - 0.397ms returns 0
T57D4 000:830.281 JLINK_CORESIGHT_WriteAPDPReg(AP reg 0x00, 0x80000002)
T57D4 000:830.531 - 0.250ms returns 0
T57D4 000:830.564 JLINK_CORESIGHT_WriteAPDPReg(AP reg 0x01, 0x80011130)
T57D4 000:830.818 - 0.253ms returns 0
T57D4 000:830.849 JLINK_CORESIGHT_ReadAPDPReg(AP reg 0x03)
T57D4 000:831.170   Value=0x03C40000
T57D4 000:831.210 - 0.362ms returns 0
T57D4 000:831.404 JLINK_CORESIGHT_WriteAPDPReg(AP reg 0x00, 0x80000002)
T57D4 000:831.713 - 0.307ms returns 0
T57D4 000:831.819 JLINK_CORESIGHT_WriteAPDPReg(AP reg 0x01, 0x80011140)
T57D4 000:832.113 - 0.294ms returns 0
T57D4 000:832.171 JLINK_CORESIGHT_ReadAPDPReg(AP reg 0x03)
T57D4 000:832.530   Value=0x00000002
T57D4 000:832.588 - 0.417ms returns 0
T57D4 000:832.616 JLINK_CORESIGHT_WriteAPDPReg(AP reg 0x00, 0x80000002)
T57D4 000:832.907 - 0.291ms returns 0
T57D4 000:832.947 JLINK_CORESIGHT_WriteAPDPReg(AP reg 0x01, 0x80011120)
T57D4 000:833.243 - 0.295ms returns 0
T57D4 000:833.296 JLINK_CORESIGHT_WriteAPDPReg(AP reg 0x03, 0x4F010001)
T57D4 000:833.577 - 0.281ms returns 0
T57D4 000:833.622 JLINK_CORESIGHT_WriteAPDPReg(AP reg 0x00, 0x80000002)
T57D4 000:833.861 - 0.239ms returns 0
T57D4 000:833.913 JLINK_CORESIGHT_WriteAPDPReg(AP reg 0x01, 0x80011140)
T57D4 000:834.240 - 0.327ms returns 0
T57D4 000:834.285 JLINK_CORESIGHT_ReadAPDPReg(AP reg 0x03)
T57D4 000:834.591   Value=0x00000002
T57D4 000:834.629 - 0.344ms returns 0
T57D4 000:834.654 JLINK_CORESIGHT_WriteAPDPReg(AP reg 0x00, 0x80000002)
T57D4 000:834.907 - 0.253ms returns 0
T57D4 000:834.935 JLINK_CORESIGHT_WriteAPDPReg(AP reg 0x01, 0x80011120)
T57D4 000:835.248 - 0.313ms returns 0
T57D4 000:835.277 JLINK_CORESIGHT_WriteAPDPReg(AP reg 0x03, 0x000003B0)
T57D4 000:835.521 - 0.245ms returns 0
T57D4 000:835.551 JLINK_CORESIGHT_WriteAPDPReg(AP reg 0x00, 0x80000002)
T57D4 000:835.803 - 0.252ms returns 0
T57D4 000:835.847 JLINK_CORESIGHT_WriteAPDPReg(AP reg 0x01, 0x80011140)
T57D4 000:836.109 - 0.262ms returns 0
T57D4 000:836.151 JLINK_CORESIGHT_ReadAPDPReg(AP reg 0x03)
T57D4 000:836.438   Value=0x00000002
T57D4 000:836.477 - 0.326ms returns 0
T57D4 000:836.504 JLINK_CORESIGHT_ReadAPDPReg(AP reg 0x03)
T57D4 000:836.908   Value=0x00000002
T57D4 000:836.946 - 0.442ms returns 0
T57D4 000:836.972 JLINK_CORESIGHT_ReadAPDPReg(AP reg 0x03)
T57D4 000:837.285   Value=0x00000002
T57D4 000:837.323 - 0.351ms returns 0
T57D4 000:837.347 JLINK_CORESIGHT_ReadAPDPReg(AP reg 0x03)
T57D4 000:837.635   Value=0x00000002
T57D4 000:837.672 - 0.325ms returns 0
T57D4 000:837.696 JLINK_CORESIGHT_ReadAPDPReg(AP reg 0x03)
T57D4 000:838.003   Value=0x00000002
T57D4 000:838.047 - 0.350ms returns 0
T57D4 000:838.074 JLINK_CORESIGHT_ReadAPDPReg(AP reg 0x03)
T57D4 000:838.377   Value=0x00000002
T57D4 000:838.418 - 0.344ms returns 0
T57D4 000:838.442 JLINK_CORESIGHT_ReadAPDPReg(AP reg 0x03)
T57D4 000:838.755   Value=0x00000000
T57D4 000:838.791 - 0.349ms returns 0
T57D4 000:838.816 JLINK_CORESIGHT_WriteAPDPReg(AP reg 0x00, 0x80000002)
T57D4 000:839.103 - 0.287ms returns 0
T57D4 000:839.133 JLINK_CORESIGHT_WriteAPDPReg(AP reg 0x01, 0x80011130)
T57D4 000:839.386 - 0.252ms returns 0
T57D4 000:839.420 JLINK_CORESIGHT_ReadAPDPReg(AP reg 0x03)
T57D4 000:839.709   Value=0x4F0B0081
T57D4 000:839.752 - 0.332ms returns 0
T57D4 000:839.779 JLINK_CORESIGHT_WriteAPDPReg(AP reg 0x00, 0x80000002)
T57D4 000:840.103 - 0.324ms returns 0
T57D4 000:840.133 JLINK_CORESIGHT_WriteAPDPReg(AP reg 0x01, 0x80011140)
T57D4 000:840.374 - 0.241ms returns 0
T57D4 000:840.406 JLINK_CORESIGHT_ReadAPDPReg(AP reg 0x03)
T57D4 000:840.699   Value=0x00000000
T57D4 000:840.737 - 0.330ms returns 0
T57D4 000:840.768 JLINK_CORESIGHT_WriteAPDPReg(AP reg 0x00, 0x80000002)
T57D4 000:841.130 - 0.362ms returns 0
T57D4 000:841.164 JLINK_CORESIGHT_WriteAPDPReg(AP reg 0x01, 0x80011130)
T57D4 000:841.399 - 0.235ms returns 0
T57D4 000:841.429 JLINK_CORESIGHT_ReadAPDPReg(AP reg 0x03)
T57D4 000:841.700   Value=0xE0020000
T57D4 000:841.736 - 0.307ms returns 0
T57D4 000:841.766 JLINK_CORESIGHT_WriteAPDPReg(AP reg 0x00, 0x80000002)
T57D4 000:842.130 - 0.364ms returns 0
T57D4 000:842.162 JLINK_CORESIGHT_WriteAPDPReg(AP reg 0x01, 0x80011140)
T57D4 000:842.400 - 0.238ms returns 0
T57D4 000:842.432 JLINK_CORESIGHT_ReadAPDPReg(AP reg 0x03)
T57D4 000:842.724   Value=0x00000000
T57D4 000:842.761 - 0.329ms returns 0
T57D4 000:842.793 JLINK_CORESIGHT_WriteAPDPReg(AP reg 0x00, 0x80000002)
T57D4 000:843.027 - 0.233ms returns 0
T57D4 000:843.062 JLINK_CORESIGHT_WriteAPDPReg(AP reg 0x01, 0x80011130)
T57D4 000:843.292 - 0.230ms returns 0
T57D4 000:843.322 JLINK_CORESIGHT_ReadAPDPReg(AP reg 0x03)
T57D4 000:843.601   Value=0x00000000
T57D4 000:843.638 - 0.315ms returns 0
T57D4 000:843.665 JLINK_CORESIGHT_WriteAPDPReg(AP reg 0x00, 0x80000002)
T57D4 000:843.898 - 0.233ms returns 0
T57D4 000:843.928 JLINK_CORESIGHT_WriteAPDPReg(AP reg 0x01, 0x80011140)
T57D4 000:844.236 - 0.308ms returns 0
T57D4 000:844.271 JLINK_CORESIGHT_ReadAPDPReg(AP reg 0x03)
T57D4 000:844.556   Value=0x00000000
T57D4 000:844.592 - 0.321ms returns 0
T57D4 000:844.622 JLINK_CORESIGHT_WriteAPDPReg(AP reg 0x00, 0x80000002)
T57D4 000:844.851 - 0.229ms returns 0
T57D4 000:844.885 JLINK_CORESIGHT_WriteAPDPReg(AP reg 0x01, 0x80011130)
T57D4 000:845.129 - 0.244ms returns 0
T57D4 000:845.161 JLINK_CORESIGHT_ReadAPDPReg(AP reg 0x03)
T57D4 000:845.450   Value=0x03C40000
T57D4 000:845.486 - 0.325ms returns 0
T57D4 000:845.525 JLINK_CORESIGHT_ReadAPDPReg(DP reg 0x01)
T57D4 000:845.862   Value=0xF0000F40
T57D4 000:845.898 - 0.373ms returns 0
T57D4 000:845.930 JLINK_CORESIGHT_WriteAPDPReg(DP reg 0x01, 0xA0000F40)
T57D4 000:846.164 - 0.234ms returns 0
T57D4 000:846.200 JLINK_CORESIGHT_ReadAPDPReg(DP reg 0x01)
T57D4 000:846.480   Value=0x00000F40
T57D4 000:846.529 - 0.329ms returns 0
T57D4 000:846.560 JLINK_ClrRESET()
T57D4 000:846.843 - 0.282ms 
T57D4 000:957.444 JLINK_Close()
T57D4 000:976.555 - 19.109ms
T57D4 000:976.695   
T57D4 000:976.736   Closed
